<html>
<body>
<pre>
<h1>µVision Build Log</h1>
<h2>Tool Versions:</h2>
IDE-Version: µVision V5.42.0.0
Copyright (C) 2025 ARM Ltd and ARM Germany GmbH. All rights reserved.
License Information: Gabriel Agune, Gehaka, LIC=KRMW3-AFNEI-9U04U-SXD6T-EIBF1-R55PT
 
Tool Versions:
Toolchain:       MDK-ARM Plus  Version: 5.42.0.0
Toolchain Path:  C:\Users\gabriel.agune\AppData\Local\Keil_v5\ARM\ARMCLANG\Bin
C Compiler:      ArmClang.exe V6.23
Assembler:       Armasm.exe V6.23
Linker/Locator:  ArmLink.exe V6.23
Library Manager: ArmAr.exe V6.23
Hex Converter:   FromElf.exe V6.23
CPU DLL:         SARMCM3.DLL V5.42.0.0
Dialog DLL:      DARMCM1.DLL V1.19.6.0
Target DLL:      STLink\ST-LINKIII-KEIL_SWO.dll V3.3.0.0
Dialog DLL:      TARMCM1.DLL V1.14.6.0
 
<h2>Project:</h2>
C:\Users\gabriel.agune\Documents\Projeto_Keil\STM32C071RB_VER_01\MDK-ARM\STM32C071RB_VER_01.uvprojx
Project File Date:  10/01/2025

<h2>Output:</h2>
*** Using Compiler 'V6.23', folder: 'C:\Users\gabriel.agune\AppData\Local\Keil_v5\ARM\ARMCLANG\Bin'
Rebuild target 'STM32C071RB_VER_01'
assembling startup_stm32c071xx.s...
compiling usb.c...
compiling stm32c0xx_hal.c...
compiling adc.c...
compiling main.c...
compiling dma.c...
compiling stm32c0xx_hal_msp.c...
compiling i2c.c...
compiling usart.c...
compiling stm32c0xx_it.c...
compiling rtc.c...
compiling gpio.c...
compiling crc.c...
compiling tim.c...
compiling stm32c0xx_hal_adc_ex.c...
compiling stm32c0xx_hal_dma.c...
compiling stm32c0xx_hal_adc.c...
compiling stm32c0xx_hal_pwr.c...
compiling stm32c0xx_hal_dma_ex.c...
compiling stm32c0xx_hal_cortex.c...
compiling stm32c0xx_hal_flash.c...
compiling stm32c0xx_hal_rcc_ex.c...
compiling stm32c0xx_hal_rcc.c...
compiling stm32c0xx_hal_pwr_ex.c...
compiling stm32c0xx_hal_gpio.c...
compiling stm32c0xx_hal_exti.c...
compiling stm32c0xx_hal_flash_ex.c...
compiling stm32c0xx_hal_crc.c...
compiling stm32c0xx_hal_crc_ex.c...
compiling stm32c0xx_hal_i2c_ex.c...
compiling stm32c0xx_hal_rtc.c...
compiling stm32c0xx_hal_rtc_ex.c...
compiling system_stm32c0xx.c...
compiling stm32c0xx_hal_uart_ex.c...
compiling app_manager.c...
compiling stm32c0xx_hal_pcd_ex.c...
compiling stm32c0xx_hal_pcd.c...
compiling stm32c0xx_hal_tim_ex.c...
compiling stm32c0xx_hal_i2c.c...
compiling stm32c0xx_hal_uart.c...
compiling stm32c0xx_ll_usb.c...
compiling stm32c0xx_hal_tim.c...
compiling cli_driver.c...
compiling controller.c...
compiling GXXX_Equacoes.c...
compiling retarget.c...
compiling relato.c...
compiling servo_controle.c...
compiling gerenciador_configuracoes.c...
compiling scale_filter.c...
compiling pwm_servo_driver.c...
compiling pcb_frequency.c...
compiling dwin_driver.c...
compiling eeprom_driver.c...
compiling ads1232_driver.c...
compiling rtc_driver.c...
compiling temp_sensor.c...
compiling autenticacao_handler.c...
compiling dwin_parser.c...
compiling display_handler.c...
compiling rtc_handler.c...
compiling medicao_handler.c...
compiling graos_handler.c...
linking...
Program Size: Code=49128 RO-data=25680 RW-data=88 ZI-data=16424  
FromELF: creating hex file...
"STM32C071RB_VER_01\STM32C071RB_VER_01.axf" - 0 Error(s), 0 Warning(s).

<h2>Software Packages used:</h2>

Package Vendor: ARM
                https://www.keil.com/pack/ARM.CMSIS.6.1.0.pack
                ARM::CMSIS@6.1.0
                CMSIS (Common Microcontroller Software Interface Standard)
   * Component: CORE Version: 6.1.0

Package Vendor: Keil
                https://www.keil.com/pack/Keil.STM32C0xx_DFP.2.2.0.pack
                Keil::STM32C0xx_DFP@2.2.0
                STMicroelectronics STM32C0 Series Device Support

<h2>Collection of Component include folders:</h2>
  ./RTE/_STM32C071RB_VER_01
  C:/Users/gabriel.agune/AppData/Local/arm/packs/ARM/CMSIS/6.1.0/CMSIS/Core/Include

<h2>Collection of Component Files used:</h2>

   * Component: ARM::CMSIS:CORE@6.1.0
      Include file:  CMSIS/Core/Include/tz_context.h
Build Time Elapsed:  00:01:53
</pre>
</body>
</html>
