Component: Arm Compiler for Embedded 6.23 Tool: armlink [5f102400]

==============================================================================

Section Cross References

    startup_stm32c071xx.o(RESET) refers to startup_stm32c071xx.o(STACK) for __initial_sp
    startup_stm32c071xx.o(RESET) refers to startup_stm32c071xx.o(.text) for Reset_Handler
    startup_stm32c071xx.o(RESET) refers to stm32c0xx_it.o(.text.NMI_Handler) for NMI_Handler
    startup_stm32c071xx.o(RESET) refers to stm32c0xx_it.o(.text.HardFault_Handler) for HardFault_Handler
    startup_stm32c071xx.o(RESET) refers to stm32c0xx_it.o(.text.SVC_Handler) for SVC_Handler
    startup_stm32c071xx.o(RESET) refers to stm32c0xx_it.o(.text.PendSV_Handler) for PendSV_Handler
    startup_stm32c071xx.o(RESET) refers to stm32c0xx_it.o(.text.SysTick_Handler) for SysTick_Handler
    startup_stm32c071xx.o(RESET) refers to stm32c0xx_it.o(.text.EXTI4_15_IRQHandler) for EXTI4_15_IRQHandler
    startup_stm32c071xx.o(RESET) refers to stm32c0xx_it.o(.text.DMA1_Channel1_IRQHandler) for DMA1_Channel1_IRQHandler
    startup_stm32c071xx.o(RESET) refers to stm32c0xx_it.o(.text.DMA1_Channel2_3_IRQHandler) for DMA1_Channel2_3_IRQHandler
    startup_stm32c071xx.o(RESET) refers to stm32c0xx_it.o(.text.DMAMUX1_DMA1_CH4_5_IRQHandler) for DMAMUX1_DMA1_CH4_5_IRQHandler
    startup_stm32c071xx.o(RESET) refers to stm32c0xx_it.o(.text.TIM14_IRQHandler) for TIM14_IRQHandler
    startup_stm32c071xx.o(RESET) refers to stm32c0xx_it.o(.text.USART1_IRQHandler) for USART1_IRQHandler
    startup_stm32c071xx.o(RESET) refers to stm32c0xx_it.o(.text.USART2_IRQHandler) for USART2_IRQHandler
    startup_stm32c071xx.o(.text) refers to system_stm32c0xx.o(.text.SystemInit) for SystemInit
    startup_stm32c071xx.o(.text) refers to entry.o(.ARM.Collect$$$$00000000) for __main
    main.o(.text.main) refers to stm32c0xx_hal.o(.text.HAL_Init) for HAL_Init
    main.o(.text.main) refers to stm32c0xx_hal_rcc.o(.text.HAL_RCC_OscConfig) for HAL_RCC_OscConfig
    main.o(.text.main) refers to stm32c0xx_hal_rcc.o(.text.HAL_RCC_ClockConfig) for HAL_RCC_ClockConfig
    main.o(.text.main) refers to gpio.o(.text.MX_GPIO_Init) for MX_GPIO_Init
    main.o(.text.main) refers to dma.o(.text.MX_DMA_Init) for MX_DMA_Init
    main.o(.text.main) refers to adc.o(.text.MX_ADC1_Init) for MX_ADC1_Init
    main.o(.text.main) refers to crc.o(.text.MX_CRC_Init) for MX_CRC_Init
    main.o(.text.main) refers to i2c.o(.text.MX_I2C1_Init) for MX_I2C1_Init
    main.o(.text.main) refers to rtc.o(.text.MX_RTC_Init) for MX_RTC_Init
    main.o(.text.main) refers to tim.o(.text.MX_TIM16_Init) for MX_TIM16_Init
    main.o(.text.main) refers to tim.o(.text.MX_TIM17_Init) for MX_TIM17_Init
    main.o(.text.main) refers to usart.o(.text.MX_USART1_UART_Init) for MX_USART1_UART_Init
    main.o(.text.main) refers to usart.o(.text.MX_USART2_UART_Init) for MX_USART2_UART_Init
    main.o(.text.main) refers to usb.o(.text.MX_USB_PCD_Init) for MX_USB_PCD_Init
    main.o(.text.main) refers to tim.o(.text.MX_TIM2_Init) for MX_TIM2_Init
    main.o(.text.main) refers to tim.o(.text.MX_TIM14_Init) for MX_TIM14_Init
    main.o(.text.main) refers to retarget.o(.text.Retarget_Init) for Retarget_Init
    main.o(.text.main) refers to app_manager.o(.text.App_Manager_Init) for App_Manager_Init
    main.o(.text.main) refers to app_manager.o(.text.App_Manager_Run_Self_Diagnostics) for App_Manager_Run_Self_Diagnostics
    main.o(.text.main) refers to stm32c0xx_hal_tim.o(.text.HAL_TIM_Base_Start_IT) for HAL_TIM_Base_Start_IT
    main.o(.text.main) refers to app_manager.o(.text.App_Manager_Process) for App_Manager_Process
    main.o(.text.main) refers to usart.o(.bss.huart1) for huart1
    main.o(.text.main) refers to usart.o(.bss.huart2) for huart2
    main.o(.text.main) refers to tim.o(.bss.htim14) for htim14
    main.o(.ARM.exidx.text.main) refers to main.o(.text.main) for [Anonymous Symbol]
    main.o(.text.SystemClock_Config) refers to stm32c0xx_hal_rcc.o(.text.HAL_RCC_OscConfig) for HAL_RCC_OscConfig
    main.o(.text.SystemClock_Config) refers to stm32c0xx_hal_rcc.o(.text.HAL_RCC_ClockConfig) for HAL_RCC_ClockConfig
    main.o(.ARM.exidx.text.SystemClock_Config) refers to main.o(.text.SystemClock_Config) for [Anonymous Symbol]
    main.o(.ARM.exidx.text.Error_Handler) refers to main.o(.text.Error_Handler) for [Anonymous Symbol]
    gpio.o(.text.MX_GPIO_Init) refers to stm32c0xx_hal_gpio.o(.text.HAL_GPIO_WritePin) for HAL_GPIO_WritePin
    gpio.o(.text.MX_GPIO_Init) refers to stm32c0xx_hal_gpio.o(.text.HAL_GPIO_Init) for HAL_GPIO_Init
    gpio.o(.text.MX_GPIO_Init) refers to stm32c0xx_hal_cortex.o(.text.HAL_NVIC_SetPriority) for HAL_NVIC_SetPriority
    gpio.o(.text.MX_GPIO_Init) refers to stm32c0xx_hal_cortex.o(.text.HAL_NVIC_EnableIRQ) for HAL_NVIC_EnableIRQ
    gpio.o(.ARM.exidx.text.MX_GPIO_Init) refers to gpio.o(.text.MX_GPIO_Init) for [Anonymous Symbol]
    adc.o(.text.MX_ADC1_Init) refers to stm32c0xx_hal_adc.o(.text.HAL_ADC_Init) for HAL_ADC_Init
[...]
    Controller_GetCurrentScreen              0x08002e71   Thumb Code     8  controller.o(.text.Controller_GetCurrentScreen)
    DMA1_Channel1_IRQHandler                 0x08002e7d   Thumb Code    12  stm32c0xx_it.o(.text.DMA1_Channel1_IRQHandler)
    DMA1_Channel2_3_IRQHandler               0x08002e8d   Thumb Code    16  stm32c0xx_it.o(.text.DMA1_Channel2_3_IRQHandler)
    DMAMUX1_DMA1_CH4_5_IRQHandler            0x08002ea5   Thumb Code    12  stm32c0xx_it.o(.text.DMAMUX1_DMA1_CH4_5_IRQHandler)
    DWIN_Driver_HandleError                  0x08002eb5   Thumb Code    24  dwin_driver.o(.text.DWIN_Driver_HandleError)
    DWIN_Driver_HandleRxEvent                0x08002ecd   Thumb Code    32  dwin_driver.o(.text.DWIN_Driver_HandleRxEvent)
    DWIN_Driver_HandleTxCplt                 0x08002ef1   Thumb Code     8  dwin_driver.o(.text.DWIN_Driver_HandleTxCplt)
    DWIN_Driver_Init                         0x08002ef9   Thumb Code   100  dwin_driver.o(.text.DWIN_Driver_Init)
    DWIN_Driver_IsTxBusy                     0x08002f61   Thumb Code    24  dwin_driver.o(.text.DWIN_Driver_IsTxBusy)
    DWIN_Driver_Process                      0x08002f79   Thumb Code   256  dwin_driver.o(.text.DWIN_Driver_Process)
    DWIN_Driver_SetScreen                    0x08003079   Thumb Code   224  dwin_driver.o(.text.DWIN_Driver_SetScreen)
    DWIN_Driver_WriteInt                     0x08003159   Thumb Code   204  dwin_driver.o(.text.DWIN_Driver_WriteInt)
    DWIN_Driver_WriteInt32                   0x0800322d   Thumb Code   240  dwin_driver.o(.text.DWIN_Driver_WriteInt32)
    DWIN_Driver_WriteRawBytes                0x08003321   Thumb Code   260  dwin_driver.o(.text.DWIN_Driver_WriteRawBytes)
    DWIN_Driver_WriteString                  0x0800342d   Thumb Code   344  dwin_driver.o(.text.DWIN_Driver_WriteString)
    DWIN_Parse_String_Payload_Robust         0x0800358d   Thumb Code   188  dwin_parser.o(.text.DWIN_Parse_String_Payload_Robust)
    DWIN_TX_Pump                             0x08003649   Thumb Code   136  dwin_driver.o(.text.DWIN_TX_Pump)
    DisplayHandler_Init                      0x080036dd   Thumb Code    16  display_handler.o(.text.DisplayHandler_Init)
    DisplayHandler_Process                   0x080036ed   Thumb Code   424  display_handler.o(.text.DisplayHandler_Process)
    Display_Adj_Capa                         0x080038f1   Thumb Code    20  display_handler.o(.text.Display_Adj_Capa)
    Display_Preset                           0x0800392d   Thumb Code    44  display_handler.o(.text.Display_Preset)
    Display_ProcessPrintEvent                0x0800398d   Thumb Code   164  display_handler.o(.text.Display_ProcessPrintEvent)
    Display_SetCompany                       0x08003a41   Thumb Code   152  display_handler.o(.text.Display_SetCompany)
    Display_SetDecimals                      0x08003b05   Thumb Code    92  display_handler.o(.text.Display_SetDecimals)
    Display_SetPrintingEnabled               0x08003b95   Thumb Code    32  display_handler.o(.text.Display_SetPrintingEnabled)
    Display_SetRepeticoes                    0x08003bf5   Thumb Code    92  display_handler.o(.text.Display_SetRepeticoes)
    Display_SetUser                          0x08003c85   Thumb Code   152  display_handler.o(.text.Display_SetUser)
    Display_Set_Serial                       0x08003d49   Thumb Code   136  display_handler.o(.text.Display_Set_Serial)
    Display_ShowAbout                        0x08003e01   Thumb Code    20  display_handler.o(.text.Display_ShowAbout)
    Display_ShowModel                        0x08003e15   Thumb Code    20  display_handler.o(.text.Display_ShowModel)
    Display_StartMeasurementSequence         0x08003e31   Thumb Code    36  display_handler.o(.text.Display_StartMeasurementSequence)
    Drv_ADS1232_DRDY_Callback                0x08003e85   Thumb Code     8  ads1232_driver.o(.text.Drv_ADS1232_DRDY_Callback)
    EEPROM_Driver_GetAndClearErrorFlag       0x08003e91   Thumb Code     4  eeprom_driver.o(.text.EEPROM_Driver_GetAndClearErrorFlag)
    EEPROM_Driver_Init                       0x08003e95   Thumb Code     8  eeprom_driver.o(.text.EEPROM_Driver_Init)
    EEPROM_Driver_IsBusy                     0x08003e9d   Thumb Code     4  eeprom_driver.o(.text.EEPROM_Driver_IsBusy)
    EEPROM_Driver_IsReady                    0x08003ea1   Thumb Code    32  eeprom_driver.o(.text.EEPROM_Driver_IsReady)
    EEPROM_Driver_Read_Blocking              0x08003ec1   Thumb Code   100  eeprom_driver.o(.text.EEPROM_Driver_Read_Blocking)
    EEPROM_Driver_Write_Async_Poll           0x08003f59   Thumb Code     4  eeprom_driver.o(.text.EEPROM_Driver_Write_Async_Poll)
    EEPROM_Driver_Write_Async_Start          0x08003f5d   Thumb Code   112  eeprom_driver.o(.text.EEPROM_Driver_Write_Async_Start)
    EXTI4_15_IRQHandler                      0x08003fd5   Thumb Code    16  stm32c0xx_it.o(.text.EXTI4_15_IRQHandler)
    Error_Handler                            0x08003fe5   Thumb Code     4  main.o(.text.Error_Handler)
    Frequency_Get_Pulse_Count                0x08003fe9   Thumb Code     8  pcb_frequency.o(.text.Frequency_Get_Pulse_Count)
    Frequency_Init                           0x08003ff1   Thumb Code    12  pcb_frequency.o(.text.Frequency_Init)
    Frequency_Reset                          0x08003ffd   Thumb Code    12  pcb_frequency.o(.text.Frequency_Reset)
    Gerenciador_Config_Get_Cal_A             0x0800400d   Thumb Code    36  gerenciador_configuracoes.o(.text.Gerenciador_Config_Get_Cal_A)
    Gerenciador_Config_Get_Company           0x08004031   Thumb Code    40  gerenciador_configuracoes.o(.text.Gerenciador_Config_Get_Company)
    Gerenciador_Config_Get_Config_Snapshot   0x08004059   Thumb Code    16  gerenciador_configuracoes.o(.text.Gerenciador_Config_Get_Config_Snapshot)
    Gerenciador_Config_Get_Dados_Grao        0x08004069   Thumb Code    60  gerenciador_configuracoes.o(.text.Gerenciador_Config_Get_Dados_Grao)
    Gerenciador_Config_Get_Grao_Ativo        0x080040a5   Thumb Code    24  gerenciador_configuracoes.o(.text.Gerenciador_Config_Get_Grao_Ativo)
    Gerenciador_Config_Get_NR_Decimals       0x080040bd   Thumb Code     8  gerenciador_configuracoes.o(.text.Gerenciador_Config_Get_NR_Decimals)
    Gerenciador_Config_Get_NR_Repetition     0x080040c5   Thumb Code     8  gerenciador_configuracoes.o(.text.Gerenciador_Config_Get_NR_Repetition)
    Gerenciador_Config_Get_Num_Graos         0x080040cd   Thumb Code     4  gerenciador_configuracoes.o(.text.Gerenciador_Config_Get_Num_Graos)
    Gerenciador_Config_Get_Senha             0x080040d1   Thumb Code    36  gerenciador_configuracoes.o(.text.Gerenciador_Config_Get_Senha)
    Gerenciador_Config_Get_Serial            0x080040f5   Thumb Code    40  gerenciador_configuracoes.o(.text.Gerenciador_Config_Get_Serial)
    Gerenciador_Config_Get_Usuario           0x0800411d   Thumb Code    40  gerenciador_configuracoes.o(.text.Gerenciador_Config_Get_Usuario)
    Gerenciador_Config_Init                  0x08004145   Thumb Code    16  gerenciador_configuracoes.o(.text.Gerenciador_Config_Init)
    Gerenciador_Config_Run_FSM               0x08004155   Thumb Code   364  gerenciador_configuracoes.o(.text.Gerenciador_Config_Run_FSM)
    Gerenciador_Config_Set_Company           0x08004365   Thumb Code    44  gerenciador_configuracoes.o(.text.Gerenciador_Config_Set_Company)
    Gerenciador_Config_Set_Grao_Ativo        0x08004399   Thumb Code    28  gerenciador_configuracoes.o(.text.Gerenciador_Config_Set_Grao_Ativo)
    Gerenciador_Config_Set_NR_Decimals       0x080043b5   Thumb Code    24  gerenciador_configuracoes.o(.text.Gerenciador_Config_Set_NR_Decimals)
    Gerenciador_Config_Set_NR_Repetitions    0x080043d1   Thumb Code    24  gerenciador_configuracoes.o(.text.Gerenciador_Config_Set_NR_Repetitions)
    Gerenciador_Config_Set_Senha             0x080043ed   Thumb Code    40  gerenciador_configuracoes.o(.text.Gerenciador_Config_Set_Senha)
    Gerenciador_Config_Set_Serial            0x08004415   Thumb Code    44  gerenciador_configuracoes.o(.text.Gerenciador_Config_Set_Serial)
    Gerenciador_Config_Set_Usuario           0x08004449   Thumb Code    44  gerenciador_configuracoes.o(.text.Gerenciador_Config_Set_Usuario)
    Gerenciador_Config_Validar_e_Restaurar   0x08004485   Thumb Code   396  gerenciador_configuracoes.o(.text.Gerenciador_Config_Validar_e_Restaurar)
    Graos_Confirmar_Selecao_Pesquisa         0x080046c9   Thumb Code   112  graos_handler.o(.text.Graos_Confirmar_Selecao_Pesquisa)
    Graos_Executar_Pesquisa                  0x08004745   Thumb Code   416  graos_handler.o(.text.Graos_Executar_Pesquisa)
    Graos_Exibir_Resultados_Pesquisa         0x080048f5   Thumb Code   524  graos_handler.o(.text.Graos_Exibir_Resultados_Pesquisa)
    Graos_Handle_Entrada_Tela                0x08004b19   Thumb Code    48  graos_handler.o(.text.Graos_Handle_Entrada_Tela)
    Graos_Handle_Navegacao                   0x08004b4d   Thumb Code   140  graos_handler.o(.text.Graos_Handle_Navegacao)
    Graos_Handle_Page_Change                 0x08004c15   Thumb Code   104  graos_handler.o(.text.Graos_Handle_Page_Change)
    Graos_Handle_Pesquisa_Texto              0x08004cb1   Thumb Code    52  graos_handler.o(.text.Graos_Handle_Pesquisa_Texto)
    Graos_Limpar_Resultados_Pesquisa         0x08004d21   Thumb Code    28  graos_handler.o(.text.Graos_Limpar_Resultados_Pesquisa)
    HAL_ADC_ConfigChannel                    0x08004d49   Thumb Code   664  stm32c0xx_hal_adc.o(.text.HAL_ADC_ConfigChannel)
    HAL_ADC_GetValue                         0x08005001   Thumb Code     6  stm32c0xx_hal_adc.o(.text.HAL_ADC_GetValue)
    HAL_ADC_Init                             0x08005009   Thumb Code   564  stm32c0xx_hal_adc.o(.text.HAL_ADC_Init)
    HAL_ADC_MspInit                          0x08005255   Thumb Code    76  adc.o(.text.HAL_ADC_MspInit)
    HAL_ADC_PollForConversion                0x080052a9   Thumb Code   230  stm32c0xx_hal_adc.o(.text.HAL_ADC_PollForConversion)
    HAL_ADC_Start                            0x08005391   Thumb Code    92  stm32c0xx_hal_adc.o(.text.HAL_ADC_Start)
    HAL_ADC_Stop                             0x080053f1   Thumb Code   180  stm32c0xx_hal_adc.o(.text.HAL_ADC_Stop)
    HAL_CRCEx_Polynomial_Set                 0x080054a9   Thumb Code    80  stm32c0xx_hal_crc_ex.o(.text.HAL_CRCEx_Polynomial_Set)
    HAL_CRC_Calculate                        0x08005505   Thumb Code   588  stm32c0xx_hal_crc.o(.text.HAL_CRC_Calculate)
    HAL_CRC_Init                             0x08005751   Thumb Code   120  stm32c0xx_hal_crc.o(.text.HAL_CRC_Init)
    HAL_CRC_MspInit                          0x080057cd   Thumb Code    40  crc.o(.text.HAL_CRC_MspInit)
    HAL_DMA_Abort                            0x080057fd   Thumb Code   112  stm32c0xx_hal_dma.o(.text.HAL_DMA_Abort)
    HAL_DMA_Abort_IT                         0x0800586d   Thumb Code   116  stm32c0xx_hal_dma.o(.text.HAL_DMA_Abort_IT)
    HAL_DMA_IRQHandler                       0x080058e5   Thumb Code   228  stm32c0xx_hal_dma.o(.text.HAL_DMA_IRQHandler)
    HAL_DMA_Init                             0x080059c9   Thumb Code   236  stm32c0xx_hal_dma.o(.text.HAL_DMA_Init)
    HAL_DMA_Start_IT                         0x08005ac9   Thumb Code   200  stm32c0xx_hal_dma.o(.text.HAL_DMA_Start_IT)
    HAL_Delay                                0x08005b95   Thumb Code    32  stm32c0xx_hal.o(.text.HAL_Delay)
    HAL_GPIO_EXTI_Falling_Callback           0x08005bb9   Thumb Code    12  stm32c0xx_it.o(.text.HAL_GPIO_EXTI_Falling_Callback)
    HAL_GPIO_EXTI_IRQHandler                 0x08005bc5   Thumb Code    36  stm32c0xx_hal_gpio.o(.text.HAL_GPIO_EXTI_IRQHandler)
    HAL_GPIO_EXTI_Rising_Callback            0x08005bed   Thumb Code     2  stm32c0xx_hal_gpio.o(.text.HAL_GPIO_EXTI_Rising_Callback)
    HAL_GPIO_Init                            0x08005bf1   Thumb Code   384  stm32c0xx_hal_gpio.o(.text.HAL_GPIO_Init)
    HAL_GPIO_ReadPin                         0x08005d81   Thumb Code    10  stm32c0xx_hal_gpio.o(.text.HAL_GPIO_ReadPin)
    HAL_GPIO_WritePin                        0x08005d8b   Thumb Code    16  stm32c0xx_hal_gpio.o(.text.HAL_GPIO_WritePin)
    HAL_GetTick                              0x08005d9d   Thumb Code     8  stm32c0xx_hal.o(.text.HAL_GetTick)
    HAL_I2CEx_ConfigAnalogFilter             0x08005da9   Thumb Code    66  stm32c0xx_hal_i2c_ex.o(.text.HAL_I2CEx_ConfigAnalogFilter)
    HAL_I2CEx_ConfigDigitalFilter            0x08005deb   Thumb Code    66  stm32c0xx_hal_i2c_ex.o(.text.HAL_I2CEx_ConfigDigitalFilter)
    HAL_I2C_Init                             0x08005e2d   Thumb Code   172  stm32c0xx_hal_i2c.o(.text.HAL_I2C_Init)
    HAL_I2C_IsDeviceReady                    0x08005ee1   Thumb Code   324  stm32c0xx_hal_i2c.o(.text.HAL_I2C_IsDeviceReady)
    HAL_I2C_Mem_Read                         0x0800602d   Thumb Code   552  stm32c0xx_hal_i2c.o(.text.HAL_I2C_Mem_Read)
    HAL_I2C_Mem_Write                        0x08006261   Thumb Code   540  stm32c0xx_hal_i2c.o(.text.HAL_I2C_Mem_Write)
    HAL_I2C_MspInit                          0x08006495   Thumb Code   124  i2c.o(.text.HAL_I2C_MspInit)
    HAL_IncTick                              0x0800651d   Thumb Code    16  stm32c0xx_hal.o(.text.HAL_IncTick)
    HAL_Init                                 0x08006531   Thumb Code    26  stm32c0xx_hal.o(.text.HAL_Init)
    HAL_InitTick                             0x0800654d   Thumb Code    64  stm32c0xx_hal.o(.text.HAL_InitTick)
    HAL_MspInit                              0x08006595   Thumb Code    40  stm32c0xx_hal_msp.o(.text.HAL_MspInit)
    HAL_NVIC_DisableIRQ                      0x080065bd   Thumb Code    28  stm32c0xx_hal_cortex.o(.text.HAL_NVIC_DisableIRQ)
    HAL_NVIC_EnableIRQ                       0x080065dd   Thumb Code    20  stm32c0xx_hal_cortex.o(.text.HAL_NVIC_EnableIRQ)
    HAL_NVIC_SetPriority                     0x080065f5   Thumb Code    48  stm32c0xx_hal_cortex.o(.text.HAL_NVIC_SetPriority)
    HAL_PCDEx_ActivateLPM                    0x0800662d   Thumb Code    36  stm32c0xx_hal_pcd_ex.o(.text.HAL_PCDEx_ActivateLPM)
    HAL_PCD_Init                             0x08006651   Thumb Code   580  stm32c0xx_hal_pcd.o(.text.HAL_PCD_Init)
    HAL_PCD_MspInit                          0x08006895   Thumb Code    76  usb.o(.text.HAL_PCD_MspInit)
    HAL_PWR_EnterSTOPMode                    0x080068e9   Thumb Code    48  stm32c0xx_hal_pwr.o(.text.HAL_PWR_EnterSTOPMode)
    HAL_RCCEx_PeriphCLKConfig                0x08006921   Thumb Code   316  stm32c0xx_hal_rcc_ex.o(.text.HAL_RCCEx_PeriphCLKConfig)
    HAL_RCC_ClockConfig                      0x08006a65   Thumb Code   464  stm32c0xx_hal_rcc.o(.text.HAL_RCC_ClockConfig)
    HAL_RCC_GetPCLK1Freq                     0x08006c3d   Thumb Code   136  stm32c0xx_hal_rcc.o(.text.HAL_RCC_GetPCLK1Freq)
    HAL_RCC_GetSysClockFreq                  0x08006ccd   Thumb Code   100  stm32c0xx_hal_rcc.o(.text.HAL_RCC_GetSysClockFreq)
    HAL_RCC_OscConfig                        0x08006d3d   Thumb Code   676  stm32c0xx_hal_rcc.o(.text.HAL_RCC_OscConfig)
    HAL_RTC_GetDate                          0x08006ff5   Thumb Code    70  stm32c0xx_hal_rtc.o(.text.HAL_RTC_GetDate)
    HAL_RTC_GetTime                          0x0800703d   Thumb Code    84  stm32c0xx_hal_rtc.o(.text.HAL_RTC_GetTime)
    HAL_RTC_Init                             0x08007095   Thumb Code   212  stm32c0xx_hal_rtc.o(.text.HAL_RTC_Init)
    HAL_RTC_MspInit                          0x0800716d   Thumb Code    84  rtc.o(.text.HAL_RTC_MspInit)
    HAL_RTC_SetDate                          0x080071c9   Thumb Code   328  stm32c0xx_hal_rtc.o(.text.HAL_RTC_SetDate)
    HAL_RTC_SetTime                          0x08007311   Thumb Code   360  stm32c0xx_hal_rtc.o(.text.HAL_RTC_SetTime)
    HAL_SYSTICK_Config                       0x08007485   Thumb Code    40  stm32c0xx_hal_cortex.o(.text.HAL_SYSTICK_Config)
    HAL_TIMEx_Break2Callback                 0x080074b9   Thumb Code     2  stm32c0xx_hal_tim_ex.o(.text.HAL_TIMEx_Break2Callback)
    HAL_TIMEx_BreakCallback                  0x080074bb   Thumb Code     2  stm32c0xx_hal_tim_ex.o(.text.HAL_TIMEx_BreakCallback)
    HAL_TIMEx_CommutCallback                 0x080074bd   Thumb Code     2  stm32c0xx_hal_tim_ex.o(.text.HAL_TIMEx_CommutCallback)
    HAL_TIMEx_ConfigBreakDeadTime            0x080074c1   Thumb Code   156  stm32c0xx_hal_tim_ex.o(.text.HAL_TIMEx_ConfigBreakDeadTime)
    HAL_TIMEx_MasterConfigSynchronization    0x0800757d   Thumb Code    96  stm32c0xx_hal_tim_ex.o(.text.HAL_TIMEx_MasterConfigSynchronization)
    HAL_TIM_Base_Init                        0x080075dd   Thumb Code   212  stm32c0xx_hal_tim.o(.text.HAL_TIM_Base_Init)
    HAL_TIM_Base_MspInit                     0x080076b5   Thumb Code   184  tim.o(.text.HAL_TIM_Base_MspInit)
    HAL_TIM_Base_Start                       0x08007781   Thumb Code    72  stm32c0xx_hal_tim.o(.text.HAL_TIM_Base_Start)
    HAL_TIM_Base_Start_IT                    0x080077c9   Thumb Code    80  stm32c0xx_hal_tim.o(.text.HAL_TIM_Base_Start_IT)
    HAL_TIM_IC_CaptureCallback               0x08007825   Thumb Code     2  stm32c0xx_hal_tim.o(.text.HAL_TIM_IC_CaptureCallback)
    HAL_TIM_IRQHandler                       0x08007829   Thumb Code   468  stm32c0xx_hal_tim.o(.text.HAL_TIM_IRQHandler)
    HAL_TIM_OC_DelayElapsedCallback          0x08007a05   Thumb Code     2  stm32c0xx_hal_tim.o(.text.HAL_TIM_OC_DelayElapsedCallback)
    HAL_TIM_PWM_ConfigChannel                0x08007a09   Thumb Code   844  stm32c0xx_hal_tim.o(.text.HAL_TIM_PWM_ConfigChannel)
    HAL_TIM_PWM_Init                         0x08007d65   Thumb Code   212  stm32c0xx_hal_tim.o(.text.HAL_TIM_PWM_Init)
    HAL_TIM_PWM_MspInit                      0x08007e45   Thumb Code     2  stm32c0xx_hal_tim.o(.text.HAL_TIM_PWM_MspInit)
    HAL_TIM_PWM_PulseFinishedCallback        0x08007e47   Thumb Code     2  stm32c0xx_hal_tim.o(.text.HAL_TIM_PWM_PulseFinishedCallback)
    HAL_TIM_PWM_Start                        0x08007e49   Thumb Code   192  stm32c0xx_hal_tim.o(.text.HAL_TIM_PWM_Start)
    HAL_TIM_PeriodElapsedCallback            0x08007f21   Thumb Code    20  stm32c0xx_it.o(.text.HAL_TIM_PeriodElapsedCallback)
    HAL_TIM_SlaveConfigSynchro               0x08007f39   Thumb Code    76  stm32c0xx_hal_tim.o(.text.HAL_TIM_SlaveConfigSynchro)
    HAL_TIM_TriggerCallback                  0x08007f85   Thumb Code     2  stm32c0xx_hal_tim.o(.text.HAL_TIM_TriggerCallback)
    HAL_UARTEx_DisableFifoMode               0x08007f87   Thumb Code    54  stm32c0xx_hal_uart_ex.o(.text.HAL_UARTEx_DisableFifoMode)
    HAL_UARTEx_ReceiveToIdle_DMA             0x08007fbd   Thumb Code   112  stm32c0xx_hal_uart_ex.o(.text.HAL_UARTEx_ReceiveToIdle_DMA)
    HAL_UARTEx_RxEventCallback               0x0800802d   Thumb Code    20  stm32c0xx_it.o(.text.HAL_UARTEx_RxEventCallback)
    HAL_UARTEx_RxFifoFullCallback            0x08008041   Thumb Code     2  stm32c0xx_hal_uart_ex.o(.text.HAL_UARTEx_RxFifoFullCallback)
    HAL_UARTEx_SetRxFifoThreshold            0x08008045   Thumb Code   128  stm32c0xx_hal_uart_ex.o(.text.HAL_UARTEx_SetRxFifoThreshold)
    HAL_UARTEx_SetTxFifoThreshold            0x080080c5   Thumb Code   128  stm32c0xx_hal_uart_ex.o(.text.HAL_UARTEx_SetTxFifoThreshold)
    HAL_UARTEx_TxFifoEmptyCallback           0x0800814d   Thumb Code     2  stm32c0xx_hal_uart_ex.o(.text.HAL_UARTEx_TxFifoEmptyCallback)
    HAL_UARTEx_WakeupCallback                0x0800814f   Thumb Code     2  stm32c0xx_hal_uart_ex.o(.text.HAL_UARTEx_WakeupCallback)
    HAL_UART_AbortReceiveCpltCallback        0x08008151   Thumb Code     2  stm32c0xx_hal_uart.o(.text.HAL_UART_AbortReceiveCpltCallback)
    HAL_UART_AbortReceive_IT                 0x08008155   Thumb Code   192  stm32c0xx_hal_uart.o(.text.HAL_UART_AbortReceive_IT)
    HAL_UART_ErrorCallback                   0x0800821d   Thumb Code    28  stm32c0xx_it.o(.text.HAL_UART_ErrorCallback)
    HAL_UART_IRQHandler                      0x08008241   Thumb Code  1140  stm32c0xx_hal_uart.o(.text.HAL_UART_IRQHandler)
    HAL_UART_Init                            0x080086c1   Thumb Code   112  stm32c0xx_hal_uart.o(.text.HAL_UART_Init)
    HAL_UART_MspInit                         0x08008731   Thumb Code   388  usart.o(.text.HAL_UART_MspInit)
    HAL_UART_Receive_IT                      0x080088cd   Thumb Code   102  stm32c0xx_hal_uart.o(.text.HAL_UART_Receive_IT)
    HAL_UART_RxCpltCallback                  0x08008935   Thumb Code    20  stm32c0xx_it.o(.text.HAL_UART_RxCpltCallback)
    HAL_UART_RxHalfCpltCallback              0x08008949   Thumb Code     2  stm32c0xx_hal_uart.o(.text.HAL_UART_RxHalfCpltCallback)
    HAL_UART_Transmit_DMA                    0x0800894d   Thumb Code   176  stm32c0xx_hal_uart.o(.text.HAL_UART_Transmit_DMA)
    HAL_UART_TxCpltCallback                  0x08008a09   Thumb Code    28  stm32c0xx_it.o(.text.HAL_UART_TxCpltCallback)
    HAL_UART_TxHalfCpltCallback              0x08008a2d   Thumb Code     2  stm32c0xx_hal_uart.o(.text.HAL_UART_TxHalfCpltCallback)
    HardFault_Handler                        0x08008e95   Thumb Code     2  stm32c0xx_it.o(.text.HardFault_Handler)
    MX_ADC1_Init                             0x0800923d   Thumb Code   104  adc.o(.text.MX_ADC1_Init)
    MX_CRC_Init                              0x080092b1   Thumb Code    36  crc.o(.text.MX_CRC_Init)
    MX_DMA_Init                              0x080092dd   Thumb Code    84  dma.o(.text.MX_DMA_Init)
    MX_GPIO_Init                             0x08009335   Thumb Code   340  gpio.o(.text.MX_GPIO_Init)
    MX_I2C1_Init                             0x08009499   Thumb Code    76  i2c.o(.text.MX_I2C1_Init)
    MX_RTC_Init                              0x080094f1   Thumb Code   112  rtc.o(.text.MX_RTC_Init)
    MX_TIM14_Init                            0x0800956d   Thumb Code    40  tim.o(.text.MX_TIM14_Init)
    MX_TIM16_Init                            0x080095a1   Thumb Code   220  tim.o(.text.MX_TIM16_Init)
    MX_TIM17_Init                            0x08009685   Thumb Code   220  tim.o(.text.MX_TIM17_Init)
    MX_TIM2_Init                             0x08009779   Thumb Code   100  tim.o(.text.MX_TIM2_Init)
    MX_USART1_UART_Init                      0x080097e1   Thumb Code    96  usart.o(.text.MX_USART1_UART_Init)
    MX_USART2_UART_Init                      0x08009849   Thumb Code    96  usart.o(.text.MX_USART2_UART_Init)
    MX_USB_PCD_Init                          0x080098b1   Thumb Code    44  usb.o(.text.MX_USB_PCD_Init)
    Medicao_Get_UltimaMedicao                0x080098e5   Thumb Code    20  medicao_handler.o(.text.Medicao_Get_UltimaMedicao)
    Medicao_Init                             0x080098f9   Thumb Code    20  medicao_handler.o(.text.Medicao_Init)
    Medicao_Process                          0x0800990d   Thumb Code   120  medicao_handler.o(.text.Medicao_Process)
    Medicao_Set_Densidade                    0x08009991   Thumb Code     8  medicao_handler.o(.text.Medicao_Set_Densidade)
    Medicao_Set_Temp_Instru                  0x08009999   Thumb Code     8  medicao_handler.o(.text.Medicao_Set_Temp_Instru)
    Medicao_Set_Umidade                      0x080099a1   Thumb Code     8  medicao_handler.o(.text.Medicao_Set_Umidade)
    NMI_Handler                              0x080099ad   Thumb Code     2  stm32c0xx_it.o(.text.NMI_Handler)
    PWM_Servo_Init                           0x080099af   Thumb Code    26  pwm_servo_driver.o(.text.PWM_Servo_Init)
    PWM_Servo_SetAngle                       0x080099c9   Thumb Code   116  pwm_servo_driver.o(.text.PWM_Servo_SetAngle)
    PendSV_Handler                           0x08009a55   Thumb Code     2  stm32c0xx_it.o(.text.PendSV_Handler)
    RTC_Driver_GetDate                       0x08009a59   Thumb Code    72  rtc_driver.o(.text.RTC_Driver_GetDate)
    RTC_Driver_GetTime                       0x08009aa1   Thumb Code    80  rtc_driver.o(.text.RTC_Driver_GetTime)
    RTC_Driver_Init                          0x08009af1   Thumb Code    72  rtc_driver.o(.text.RTC_Driver_Init)
    RTC_Driver_SetDate                       0x08009b5d   Thumb Code    36  rtc_driver.o(.text.RTC_Driver_SetDate)
    RTC_Driver_SetTime                       0x08009b81   Thumb Code    44  rtc_driver.o(.text.RTC_Driver_SetTime)
    RTC_ExitInitMode                         0x08009bb1   Thumb Code   152  stm32c0xx_hal_rtc.o(.text.RTC_ExitInitMode)
    RTC_Handle_Set_Date_And_Time             0x08009c4d   Thumb Code   336  rtc_handler.o(.text.RTC_Handle_Set_Date_And_Time)
    RTC_Handle_Set_Time                      0x08009e25   Thumb Code   248  rtc_handler.o(.text.RTC_Handle_Set_Time)
    Relatorio_Printer                        0x08009f95   Thumb Code   212  relato.o(.text.Relatorio_Printer)
    Retarget_Init                            0x0800a129   Thumb Code    24  retarget.o(.text.Retarget_Init)
    SVC_Handler                              0x0800a149   Thumb Code     2  stm32c0xx_it.o(.text.SVC_Handler)
    Servos_Init                              0x0800a14d   Thumb Code    24  servo_controle.o(.text.Servos_Init)
    Servos_Process                           0x0800a165   Thumb Code   100  servo_controle.o(.text.Servos_Process)
    Servos_Tick_ms                           0x0800a1d9   Thumb Code    40  servo_controle.o(.text.Servos_Tick_ms)
    SysTick_Handler                          0x0800a205   Thumb Code     8  stm32c0xx_it.o(.text.SysTick_Handler)
    SystemClock_Config                       0x0800a20d   Thumb Code   116  main.o(.text.SystemClock_Config)
    SystemInit                               0x0800a289   Thumb Code    12  system_stm32c0xx.o(.text.SystemInit)
    TIM14_IRQHandler                         0x0800a299   Thumb Code    12  stm32c0xx_it.o(.text.TIM14_IRQHandler)
    TempSensor_GetTemperature                0x0800a371   Thumb Code   168  temp_sensor.o(.text.TempSensor_GetTemperature)
    UART_AdvFeatureConfig                    0x0800a4b5   Thumb Code   210  stm32c0xx_hal_uart.o(.text.UART_AdvFeatureConfig)
    UART_CheckIdleState                      0x0800a589   Thumb Code   204  stm32c0xx_hal_uart.o(.text.UART_CheckIdleState)
    UART_SetConfig                           0x0800aeb5   Thumb Code   336  stm32c0xx_hal_uart.o(.text.UART_SetConfig)
    UART_Start_Receive_DMA                   0x0800b039   Thumb Code   160  stm32c0xx_hal_uart.o(.text.UART_Start_Receive_DMA)
    UART_Start_Receive_IT                    0x0800b0e5   Thumb Code   296  stm32c0xx_hal_uart.o(.text.UART_Start_Receive_IT)
    UART_WaitOnFlagUntilTimeout              0x0800b221   Thumb Code   448  stm32c0xx_hal_uart.o(.text.UART_WaitOnFlagUntilTimeout)
    USART1_IRQHandler                        0x0800b3e5   Thumb Code    12  stm32c0xx_it.o(.text.USART1_IRQHandler)
    USART2_IRQHandler                        0x0800b3f1   Thumb Code    12  stm32c0xx_it.o(.text.USART2_IRQHandler)
    USB_DevInit                              0x0800b3fd   Thumb Code    26  stm32c0xx_ll_usb.o(.text.USB_DevInit)
    USB_DisableGlobalInt                     0x0800b419   Thumb Code    12  stm32c0xx_ll_usb.o(.text.USB_DisableGlobalInt)
    Who_am_i                                 0x0800b429   Thumb Code    92  relato.o(.text.Who_am_i)
    fputc                                    0x0800b5e9   Thumb Code    32  retarget.o(.text.fputc)
    main                                     0x0800b60d   Thumb Code   196  main.o(.text.main)
    __0printf                                0x0800b6e5   Thumb Code    24  printfa.o(i.__0printf)
    __1printf                                0x0800b6e5   Thumb Code     0  printfa.o(i.__0printf)
    __2printf                                0x0800b6e5   Thumb Code     0  printfa.o(i.__0printf)
    __c89printf                              0x0800b6e5   Thumb Code     0  printfa.o(i.__0printf)
    printf                                   0x0800b6e5   Thumb Code     0  printfa.o(i.__0printf)
    __0snprintf                              0x0800b705   Thumb Code    50  printfa.o(i.__0snprintf)
    __1snprintf                              0x0800b705   Thumb Code     0  printfa.o(i.__0snprintf)
    __2snprintf                              0x0800b705   Thumb Code     0  printfa.o(i.__0snprintf)
    __c89snprintf                            0x0800b705   Thumb Code     0  printfa.o(i.__0snprintf)
    snprintf                                 0x0800b705   Thumb Code     0  printfa.o(i.__0snprintf)
    __0sprintf                               0x0800b73d   Thumb Code    36  printfa.o(i.__0sprintf)
    __1sprintf                               0x0800b73d   Thumb Code     0  printfa.o(i.__0sprintf)
    __2sprintf                               0x0800b73d   Thumb Code     0  printfa.o(i.__0sprintf)
    __c89sprintf                             0x0800b73d   Thumb Code     0  printfa.o(i.__0sprintf)
    sprintf                                  0x0800b73d   Thumb Code     0  printfa.o(i.__0sprintf)
    __ARM_clz                                0x0800b765   Thumb Code    46  depilogue.o(i.__ARM_clz)
    __aeabi_errno_addr                       0x0800b795   Thumb Code     4  errno.o(i.__aeabi_errno_addr)
    __rt_errno_addr                          0x0800b795   Thumb Code     0  errno.o(i.__aeabi_errno_addr)
    __scatterload_copy                       0x0800b79d   Thumb Code    14  handlers.o(i.__scatterload_copy)
    __scatterload_null                       0x0800b7ab   Thumb Code     2  handlers.o(i.__scatterload_null)
    __scatterload_zeroinit                   0x0800b7ad   Thumb Code    14  handlers.o(i.__scatterload_zeroinit)
    puts                                     0x0800c089   Thumb Code    28  puts.o(i.puts)
    __ctype_table                            0x0800c0a8   Data         129  ctype_o.o(.constdata)
    AHBPrescTable                            0x0800c130   Data          64  system_stm32c0xx.o(.rodata.AHBPrescTable)
    APBPrescTable                            0x0800c170   Data          32  system_stm32c0xx.o(.rodata.APBPrescTable)
    Dupla                                    0x0800c190   Data          37  relato.o(.rodata.Dupla)
    Ejeta                                    0x0800c1b5   Data          42  relato.o(.rodata.Ejeta)
    Linha                                    0x0800c1df   Data          35  relato.o(.rodata.Linha)
    Produto                                  0x0800c204   Data        8640  gxxx_equacoes.o(.rodata.Produto)
    UARTPrescTable                           0x0800e3c4   Data          24  stm32c0xx_hal_uart.o(.rodata.UARTPrescTable)
    Region$$Table$$Base                      0x08012418   Number         0  anon$$obj.o(Region$$Table)
    Region$$Table$$Limit                     0x08012438   Number         0  anon$$obj.o(Region$$Table)
    __stdout                                 0x20000000   Data           4  stdout.o(.data)
    uwTickFreq                               0x20000008   Data           1  stm32c0xx_hal.o(.data..L_MergedGlobals)
    uwTickPrio                               0x2000000c   Data           4  stm32c0xx_hal.o(.data..L_MergedGlobals)
    SystemCoreClock                          0x20000030   Data           4  system_stm32c0xx.o(.data.SystemCoreClock)
    cal_points                               0x20000034   Data          32  ads1232_driver.o(.data.cal_points)
    g_retarget_dest                          0x200000b4   Data           1  retarget.o(.bss..L_MergedGlobals)
    config_snapshot                          0x20000198   Data        5812  relato.o(.bss.config_snapshot)
    g_ads_data_ready                         0x2000184c   Data           1  ads1232_driver.o(.bss.g_ads_data_ready)
    hadc1                                    0x20001850   Data         100  adc.o(.bss.hadc1)
    hcrc                                     0x200018b4   Data          36  crc.o(.bss.hcrc)
    hdma_usart1_rx                           0x200018d8   Data          92  usart.o(.bss.hdma_usart1_rx)
    hdma_usart1_tx                           0x20001934   Data          92  usart.o(.bss.hdma_usart1_tx)
    hdma_usart2_rx                           0x20001990   Data          92  usart.o(.bss.hdma_usart2_rx)
    hdma_usart2_tx                           0x200019ec   Data          92  usart.o(.bss.hdma_usart2_tx)
    hi2c1                                    0x20001a48   Data          84  i2c.o(.bss.hi2c1)
    hpcd_USB_DRD_FS                          0x20001a9c   Data         736  usb.o(.bss.hpcd_USB_DRD_FS)
    hrtc                                     0x20001d7c   Data          40  rtc.o(.bss.hrtc)
    htim14                                   0x20001da4   Data          76  tim.o(.bss.htim14)
    htim16                                   0x20001df0   Data          76  tim.o(.bss.htim16)
    htim17                                   0x20001e3c   Data          76  tim.o(.bss.htim17)
    htim2                                    0x20001e88   Data          76  tim.o(.bss.htim2)
    huart1                                   0x20001ed4   Data         148  usart.o(.bss.huart1)
    huart2                                   0x20001f68   Data         148  usart.o(.bss.huart2)
    uwTick                                   0x20003c7c   Data           4  stm32c0xx_hal.o(.bss.uwTick)
    __initial_sp                             0x20004080   Data           0  startup_stm32c071xx.o(STACK)



==============================================================================

Memory Map of the image

  Image Entry point : 0x080000c1

  Load Region LR_IROM1 (Base: 0x08000000, Size: 0x00012490, Max: 0x00020000, ABSOLUTE)

    Execution Region ER_IROM1 (Exec base: 0x08000000, Load base: 0x08000000, Size: 0x00012438, Max: 0x00020000, ABSOLUTE)

    Exec Addr    Load Addr    Size         Type   Attr      Idx    E Section Name        Object

    0x08000000   0x08000000   0x000000c0   Data   RO            3    RESET               startup_stm32c071xx.o
    0x080000c0   0x080000c0   0x00000000   Code   RO         2246  * .ARM.Collect$$$$00000000  mc_p.l(entry.o)
    0x080000c0   0x080000c0   0x00000004   Code   RO         2619    .ARM.Collect$$$$00000001  mc_p.l(entry2.o)
    0x080000c4   0x080000c4   0x00000004   Code   RO         2622    .ARM.Collect$$$$00000004  mc_p.l(entry5.o)
    0x080000c8   0x080000c8   0x00000000   Code   RO         2624    .ARM.Collect$$$$00000008  mc_p.l(entry7b.o)
    0x080000c8   0x080000c8   0x00000000   Code   RO         2626    .ARM.Collect$$$$0000000A  mc_p.l(entry8b.o)
    0x080000c8   0x080000c8   0x00000008   Code   RO         2627    .ARM.Collect$$$$0000000B  mc_p.l(entry9a.o)
    0x080000d0   0x080000d0   0x00000000   Code   RO         2629    .ARM.Collect$$$$0000000D  mc_p.l(entry10a.o)
    0x080000d0   0x080000d0   0x00000000   Code   RO         2631    .ARM.Collect$$$$0000000F  mc_p.l(entry11a.o)
    0x080000d0   0x080000d0   0x00000004   Code   RO         2620    .ARM.Collect$$$$00002712  mc_p.l(entry2.o)
    0x080000d4   0x080000d4   0x0000001c   Code   RO            4    .text               startup_stm32c071xx.o
    0x080000f0   0x080000f0   0x00000008   Code   RO         2264    .text               mc_p.l(ctype_o.o)
    0x080000f8   0x080000f8   0x00000012   Code   RO         2286    .text               mc_p.l(isspace_o.o)
    0x0800010a   0x0800010a   0x0000000c   Code   RO         2292    .text               mc_p.l(toupper.o)
    0x08000116   0x08000116   0x0000000c   Code   RO         2294    .text               mc_p.l(tolower.o)
    0x08000122   0x08000122   0x00000024   Code   RO         2296    .text               mc_p.l(memcpya.o)
    0x08000146   0x08000146   0x00000024   Code   RO         2298    .text               mc_p.l(memseta.o)
    0x0800016a   0x0800016a   0x0000001a   Code   RO         2300    .text               mc_p.l(strncpy.o)
    0x08000184   0x08000184   0x00000014   Code   RO         2302    .text               mc_p.l(strchr.o)
    0x08000198   0x08000198   0x0000000e   Code   RO         2304    .text               mc_p.l(strlen.o)
    0x080001a6   0x080001a6   0x0000001c   Code   RO         2306    .text               mc_p.l(strcmp.o)
    0x080001c2   0x080001c2   0x00000012   Code   RO         2308    .text               mc_p.l(strcpy.o)
    0x080001d4   0x080001d4   0x00000026   Code   RO         2312    .text               mc_p.l(strcasecmp.o)
    0x080001fa   0x080001fa   0x00000002   PAD
    0x080001fc   0x080001fc   0x0000003c   Code   RO         2575    .text               mc_p.l(__0sscanf.o)
    0x08000238   0x08000238   0x0000014a   Code   RO         2577    .text               mc_p.l(_scanf_int.o)
    0x08000382   0x08000382   0x00000002   PAD
    0x08000384   0x08000384   0x00000070   Code   RO         2579    .text               mc_p.l(strtol.o)
    0x080003f4   0x080003f4   0x0000001a   Code   RO         2581    .text               mc_p.l(atoi.o)
    0x0800040e   0x0800040e   0x0000001a   Code   RO         2583    .text               mc_p.l(atol.o)
    0x08000428   0x08000428   0x000000b2   Code   RO         2585    .text               mf_p.l(fadd.o)
    0x080004da   0x080004da   0x0000007a   Code   RO         2587    .text               mf_p.l(fmul.o)
    0x08000554   0x08000554   0x0000007c   Code   RO         2589    .text               mf_p.l(fdiv.o)
    0x080005d0   0x080005d0   0x000000d0   Code   RO         2591    .text               mf_p.l(dmul.o)
    0x080006a0   0x080006a0   0x000000f0   Code   RO         2593    .text               mf_p.l(ddiv.o)
    0x08000790   0x08000790   0x0000001c   Code   RO         2595    .text               mf_p.l(fcmplt.o)
    0x080007ac   0x080007ac   0x0000001c   Code   RO         2599    .text               mf_p.l(fcmpgt.o)
    0x080007c8   0x080007c8   0x00000016   Code   RO         2601    .text               mf_p.l(fflti.o)
    0x080007de   0x080007de   0x0000000e   Code   RO         2603    .text               mf_p.l(ffltui.o)
    0x080007ec   0x080007ec   0x00000028   Code   RO         2605    .text               mf_p.l(dflti.o)
    0x08000814   0x08000814   0x00000032   Code   RO         2611    .text               mf_p.l(ffixi.o)
    0x08000846   0x08000846   0x00000028   Code   RO         2615    .text               mf_p.l(f2d.o)
    0x0800086e   0x0800086e   0x0000003e   Code   RO         2637    .text               mc_p.l(uidiv_div0.o)
    0x080008ac   0x080008ac   0x00000060   Code   RO         2643    .text               mc_p.l(uldiv.o)
    0x0800090c   0x0800090c   0x00000020   Code   RO         2645    .text               mc_p.l(llshl.o)
    0x0800092c   0x0800092c   0x0000001e   Code   RO         2654    .text               mc_p.l(_chval.o)
    0x0800094a   0x0800094a   0x00000002   PAD
    0x0800094c   0x0800094c   0x0000002c   Code   RO         2656    .text               mc_p.l(scanf_char.o)
    0x08000978   0x08000978   0x00000044   Code   RO         2658    .text               mc_p.l(_sgetc.o)
    0x080009bc   0x080009bc   0x000000a6   Code   RO         2660    .text               mc_p.l(_strtoul.o)
    0x08000a62   0x08000a62   0x00000000   Code   RO         2662    .text               mc_p.l(iusefp.o)
    0x08000a62   0x08000a62   0x00000082   Code   RO         2663    .text               mf_p.l(fepilogue.o)
    0x08000ae4   0x08000ae4   0x000000be   Code   RO         2667    .text               mf_p.l(depilogue.o)
    0x08000ba2   0x08000ba2   0x00000002   PAD
    0x08000ba4   0x08000ba4   0x00000164   Code   RO         2671    .text               mf_p.l(dadd.o)
    0x08000d08   0x08000d08   0x00000040   Code   RO         2673    .text               mf_p.l(dfixul.o)
    0x08000d48   0x08000d48   0x00000028   Code   RO         2675    .text               mf_p.l(cdrcmple.o)
    0x08000d70   0x08000d70   0x00000030   Code   RO         2677    .text               mc_p.l(init.o)
    0x08000da0   0x08000da0   0x00000022   Code   RO         2679    .text               mc_p.l(llushr.o)
    0x08000dc2   0x08000dc2   0x00000026   Code   RO         2681    .text               mc_p.l(llsshr.o)
    0x08000de8   0x08000de8   0x00000338   Code   RO         2685    .text               mc_p.l(_scanf.o)
    0x08001120   0x08001120   0x000000d4   Code   RO          297    .text.ADC_Enable    stm32c0xx_hal_adc.o
    0x080011f4   0x080011f4   0x0000014c   Code   RO         1977    .text.ADS1232_ConvertToGrams  ads1232_driver.o
    0x08001340   0x08001340   0x00000038   Code   RO         1969    .text.ADS1232_Init  ads1232_driver.o
    0x08001378   0x08001378   0x0000011c   Code   RO         1971    .text.ADS1232_Read  ads1232_driver.o
    0x08001494   0x08001494   0x00000042   Code   RO         1973    .text.ADS1232_Read_Median_of_3  ads1232_driver.o
    0x080014d6   0x080014d6   0x00000002   PAD
    0x080014d8   0x080014d8   0x000004cc   Code   RO         1975    .text.ADS1232_Tare  ads1232_driver.o
    0x080019a4   0x080019a4   0x0000000c   Code   RO         1950    .text.Acao_Abrir_Funil  servo_controle.o
    0x080019b0   0x080019b0   0x00000002   Code   RO         1954    .text.Acao_Finalizar  servo_controle.o
    0x080019b2   0x080019b2   0x00000002   PAD
    0x080019b4   0x080019b4   0x00000010   Code   RO         1952    .text.Acao_Varrer_Scrap  servo_controle.o
    0x080019c4   0x080019c4   0x00000008   Code   RO         1732    .text.App_Manager_Confirm_Wakeup  app_manager.o
    0x080019cc   0x080019cc   0x00000154   Code   RO         1724    .text.App_Manager_Init  app_manager.o
    0x08001b20   0x08001b20   0x00000220   Code   RO         1726    .text.App_Manager_Process  app_manager.o
    0x08001d40   0x08001d40   0x00000018   Code   RO         1730    .text.App_Manager_Request_Sleep  app_manager.o
    0x08001d58   0x08001d58   0x000001e0   Code   RO         1728    .text.App_Manager_Run_Self_Diagnostics  app_manager.o
    0x08001f38   0x08001f38   0x000000d8   Code   RO         1822    .text.Assinatura    relato.o
    0x08002010   0x08002010   0x00000128   Code   RO         2115    .text.Auth_ProcessLoginEvent  autenticacao_handler.o
    0x08002138   0x08002138   0x000000f8   Code   RO         2117    .text.Auth_ProcessSetPasswordEvent  autenticacao_handler.o
    0x08002230   0x08002230   0x00000018   Code   RO         1752    .text.CLI_Driver_IsTxBusy  cli_driver.o
    0x08002248   0x08002248   0x00000024   Code   RO         1760    .text.CLI_HandleError  cli_driver.o
    0x0800226c   0x0800226c   0x00000178   Code   RO         1756    .text.CLI_HandleRxCplt  cli_driver.o
    0x080023e4   0x080023e4   0x00000008   Code   RO         1758    .text.CLI_HandleTxCplt  cli_driver.o
    0x080023ec   0x080023ec   0x00000054   Code   RO         1746    .text.CLI_Init      cli_driver.o
    0x08002440   0x08002440   0x00000054   Code   RO         1754    .text.CLI_Printf_Transmit  cli_driver.o
    0x08002494   0x08002494   0x000001ac   Code   RO         1748    .text.CLI_Process   cli_driver.o
    0x08002640   0x08002640   0x0000009c   Code   RO         1750    .text.CLI_TX_Pump   cli_driver.o
    0x080026dc   0x080026dc   0x000000a4   Code   RO         1862    .text.Carregar_Configuracao_Padrao  gerenciador_configuracoes.o
    0x08002780   0x08002780   0x00000164   Code   RO         1764    .text.Cmd_Dwin      cli_driver.o
    0x080028e4   0x080028e4   0x00000084   Code   RO         1770    .text.Cmd_GetFreq   cli_driver.o
    0x08002968   0x08002968   0x00000048   Code   RO         1766    .text.Cmd_GetPeso   cli_driver.o
    0x080029b0   0x080029b0   0x00000040   Code   RO         1768    .text.Cmd_GetTemp   cli_driver.o
    0x080029f0   0x080029f0   0x00000010   Code   RO         1762    .text.Cmd_Help      cli_driver.o
    0x08002a00   0x08002a00   0x0000000a   Code   RO         1772    .text.Cmd_Service   cli_driver.o
    0x08002a0a   0x08002a0a   0x00000002   PAD
    0x08002a0c   0x08002a0c   0x000000ec   Code   RO         1778    .text.Cmd_SetDate   cli_driver.o
    0x08002af8   0x08002af8   0x000000e4   Code   RO         1776    .text.Cmd_SetTime   cli_driver.o
    0x08002bdc   0x08002bdc   0x00000008   Code   RO         1774    .text.Cmd_WhoAmI    cli_driver.o
    0x08002be4   0x08002be4   0x0000028c   Code   RO         1806    .text.Controller_DwinCallback  controller.o
    0x08002e70   0x08002e70   0x0000000c   Code   RO         1802    .text.Controller_GetCurrentScreen  controller.o
    0x08002e7c   0x08002e7c   0x00000010   Code   RO          177    .text.DMA1_Channel1_IRQHandler  stm32c0xx_it.o
    0x08002e8c   0x08002e8c   0x00000018   Code   RO          179    .text.DMA1_Channel2_3_IRQHandler  stm32c0xx_it.o
    0x08002ea4   0x08002ea4   0x00000010   Code   RO          181    .text.DMAMUX1_DMA1_CH4_5_IRQHandler  stm32c0xx_it.o
    0x08002eb4   0x08002eb4   0x00000018   Code   RO         2017    .text.DWIN_Driver_HandleError  dwin_driver.o
    0x08002ecc   0x08002ecc   0x00000024   Code   RO         2015    .text.DWIN_Driver_HandleRxEvent  dwin_driver.o
    0x08002ef0   0x08002ef0   0x00000008   Code   RO         2013    .text.DWIN_Driver_HandleTxCplt  dwin_driver.o
    0x08002ef8   0x08002ef8   0x00000068   Code   RO         1995    .text.DWIN_Driver_Init  dwin_driver.o
    0x08002f60   0x08002f60   0x00000018   Code   RO         2001    .text.DWIN_Driver_IsTxBusy  dwin_driver.o
    0x08002f78   0x08002f78   0x00000100   Code   RO         1997    .text.DWIN_Driver_Process  dwin_driver.o
    0x08003078   0x08003078   0x000000e0   Code   RO         2003    .text.DWIN_Driver_SetScreen  dwin_driver.o
    0x08003158   0x08003158   0x000000d4   Code   RO         2005    .text.DWIN_Driver_WriteInt  dwin_driver.o
    0x0800322c   0x0800322c   0x000000f4   Code   RO         2007    .text.DWIN_Driver_WriteInt32  dwin_driver.o
    0x08003320   0x08003320   0x0000010c   Code   RO         2011    .text.DWIN_Driver_WriteRawBytes  dwin_driver.o
    0x0800342c   0x0800342c   0x00000160   Code   RO         2009    .text.DWIN_Driver_WriteString  dwin_driver.o
    0x0800358c   0x0800358c   0x000000bc   Code   RO         2170    .text.DWIN_Parse_String_Payload_Robust  dwin_parser.o
    0x08003648   0x08003648   0x00000094   Code   RO         1999    .text.DWIN_TX_Pump  dwin_driver.o
    0x080036dc   0x080036dc   0x00000010   Code   RO         2129    .text.DisplayHandler_Init  display_handler.o
    0x080036ec   0x080036ec   0x00000204   Code   RO         2131    .text.DisplayHandler_Process  display_handler.o
    0x080038f0   0x080038f0   0x0000003c   Code   RO         2145    .text.Display_Adj_Capa  display_handler.o
    0x0800392c   0x0800392c   0x00000060   Code   RO         2151    .text.Display_Preset  display_handler.o
    0x0800398c   0x0800398c   0x000000b4   Code   RO         2135    .text.Display_ProcessPrintEvent  display_handler.o
    0x08003a40   0x08003a40   0x000000c4   Code   RO         2143    .text.Display_SetCompany  display_handler.o
    0x08003b04   0x08003b04   0x00000090   Code   RO         2139    .text.Display_SetDecimals  display_handler.o
    0x08003b94   0x08003b94   0x00000060   Code   RO         2155    .text.Display_SetPrintingEnabled  display_handler.o
    0x08003bf4   0x08003bf4   0x00000090   Code   RO         2137    .text.Display_SetRepeticoes  display_handler.o
    0x08003c84   0x08003c84   0x000000c4   Code   RO         2141    .text.Display_SetUser  display_handler.o
    0x08003d48   0x08003d48   0x000000b8   Code   RO         2153    .text.Display_Set_Serial  display_handler.o
    0x08003e00   0x08003e00   0x00000014   Code   RO         2147    .text.Display_ShowAbout  display_handler.o
    0x08003e14   0x08003e14   0x0000001c   Code   RO         2149    .text.Display_ShowModel  display_handler.o
    0x08003e30   0x08003e30   0x00000054   Code   RO         2133    .text.Display_StartMeasurementSequence  display_handler.o
    0x08003e84   0x08003e84   0x0000000c   Code   RO         1967    .text.Drv_ADS1232_DRDY_Callback  ads1232_driver.o
    0x08003e90   0x08003e90   0x00000004   Code   RO         2044    .text.EEPROM_Driver_GetAndClearErrorFlag  eeprom_driver.o
    0x08003e94   0x08003e94   0x00000008   Code   RO         2030    .text.EEPROM_Driver_Init  eeprom_driver.o
    0x08003e9c   0x08003e9c   0x00000004   Code   RO         2038    .text.EEPROM_Driver_IsBusy  eeprom_driver.o
    0x08003ea0   0x08003ea0   0x00000020   Code   RO         2032    .text.EEPROM_Driver_IsReady  eeprom_driver.o
    0x08003ec0   0x08003ec0   0x00000098   Code   RO         2034    .text.EEPROM_Driver_Read_Blocking  eeprom_driver.o
    0x08003f58   0x08003f58   0x00000004   Code   RO         2042    .text.EEPROM_Driver_Write_Async_Poll  eeprom_driver.o
    0x08003f5c   0x08003f5c   0x00000078   Code   RO         2040    .text.EEPROM_Driver_Write_Async_Start  eeprom_driver.o
    0x08003fd4   0x08003fd4   0x00000010   Code   RO          175    .text.EXTI4_15_IRQHandler  stm32c0xx_it.o
    0x08003fe4   0x08003fe4   0x00000004   Code   RO           15    .text.Error_Handler  main.o
    0x08003fe8   0x08003fe8   0x00000008   Code   RO         2064    .text.Frequency_Get_Pulse_Count  pcb_frequency.o
    0x08003ff0   0x08003ff0   0x0000000c   Code   RO         2060    .text.Frequency_Init  pcb_frequency.o
    0x08003ffc   0x08003ffc   0x00000010   Code   RO         2062    .text.Frequency_Reset  pcb_frequency.o
    0x0800400c   0x0800400c   0x00000024   Code   RO         1894    .text.Gerenciador_Config_Get_Cal_A  gerenciador_configuracoes.o
    0x08004030   0x08004030   0x00000028   Code   RO         1902    .text.Gerenciador_Config_Get_Company  gerenciador_configuracoes.o
    0x08004058   0x08004058   0x00000010   Code   RO         1882    .text.Gerenciador_Config_Get_Config_Snapshot  gerenciador_configuracoes.o
    0x08004068   0x08004068   0x0000003c   Code   RO         1886    .text.Gerenciador_Config_Get_Dados_Grao  gerenciador_configuracoes.o
    0x080040a4   0x080040a4   0x00000018   Code   RO         1892    .text.Gerenciador_Config_Get_Grao_Ativo  gerenciador_configuracoes.o
    0x080040bc   0x080040bc   0x00000008   Code   RO         1898    .text.Gerenciador_Config_Get_NR_Decimals  gerenciador_configuracoes.o
    0x080040c4   0x080040c4   0x00000008   Code   RO         1896    .text.Gerenciador_Config_Get_NR_Repetition  gerenciador_configuracoes.o
    0x080040cc   0x080040cc   0x00000004   Code   RO         1890    .text.Gerenciador_Config_Get_Num_Graos  gerenciador_configuracoes.o
    0x080040d0   0x080040d0   0x00000024   Code   RO         1888    .text.Gerenciador_Config_Get_Senha  gerenciador_configuracoes.o
    0x080040f4   0x080040f4   0x00000028   Code   RO         1904    .text.Gerenciador_Config_Get_Serial  gerenciador_configuracoes.o
    0x0800411c   0x0800411c   0x00000028   Code   RO         1900    .text.Gerenciador_Config_Get_Usuario  gerenciador_configuracoes.o
    0x08004144   0x08004144   0x00000010   Code   RO         1856    .text.Gerenciador_Config_Init  gerenciador_configuracoes.o
    0x08004154   0x08004154   0x00000210   Code   RO         1858    .text.Gerenciador_Config_Run_FSM  gerenciador_configuracoes.o
    0x08004364   0x08004364   0x00000034   Code   RO         1878    .text.Gerenciador_Config_Set_Company  gerenciador_configuracoes.o
    0x08004398   0x08004398   0x0000001c   Code   RO         1868    .text.Gerenciador_Config_Set_Grao_Ativo  gerenciador_configuracoes.o
    0x080043b4   0x080043b4   0x0000001c   Code   RO         1874    .text.Gerenciador_Config_Set_NR_Decimals  gerenciador_configuracoes.o
    0x080043d0   0x080043d0   0x0000001c   Code   RO         1872    .text.Gerenciador_Config_Set_NR_Repetitions  gerenciador_configuracoes.o
    0x080043ec   0x080043ec   0x00000028   Code   RO         1866    .text.Gerenciador_Config_Set_Senha  gerenciador_configuracoes.o
    0x08004414   0x08004414   0x00000034   Code   RO         1880    .text.Gerenciador_Config_Set_Serial  gerenciador_configuracoes.o
    0x08004448   0x08004448   0x0000003c   Code   RO         1876    .text.Gerenciador_Config_Set_Usuario  gerenciador_configuracoes.o
    0x08004484   0x08004484   0x00000244   Code   RO         1860    .text.Gerenciador_Config_Validar_e_Restaurar  gerenciador_configuracoes.o
    0x080046c8   0x080046c8   0x0000007c   Code   RO         2196    .text.Graos_Confirmar_Selecao_Pesquisa  graos_handler.o
    0x08004744   0x08004744   0x000001b0   Code   RO         2190    .text.Graos_Executar_Pesquisa  graos_handler.o
    0x080048f4   0x080048f4   0x00000224   Code   RO         2194    .text.Graos_Exibir_Resultados_Pesquisa  graos_handler.o
    0x08004b18   0x08004b18   0x00000034   Code   RO         2180    .text.Graos_Handle_Entrada_Tela  graos_handler.o
    0x08004b4c   0x08004b4c   0x000000c8   Code   RO         2184    .text.Graos_Handle_Navegacao  graos_handler.o
    0x08004c14   0x08004c14   0x0000009c   Code   RO         2192    .text.Graos_Handle_Page_Change  graos_handler.o
    0x08004cb0   0x08004cb0   0x00000070   Code   RO         2188    .text.Graos_Handle_Pesquisa_Texto  graos_handler.o
    0x08004d20   0x08004d20   0x00000028   Code   RO         2186    .text.Graos_Limpar_Resultados_Pesquisa  graos_handler.o
    0x08004d48   0x08004d48   0x000002b8   Code   RO          335    .text.HAL_ADC_ConfigChannel  stm32c0xx_hal_adc.o
    0x08005000   0x08005000   0x00000006   Code   RO          319    .text.HAL_ADC_GetValue  stm32c0xx_hal_adc.o
    0x08005006   0x08005006   0x00000002   PAD
    0x08005008   0x08005008   0x0000024c   Code   RO          283    .text.HAL_ADC_Init  stm32c0xx_hal_adc.o
    0x08005254   0x08005254   0x00000054   Code   RO           36    .text.HAL_ADC_MspInit  adc.o
    0x080052a8   0x080052a8   0x000000e6   Code   RO          301    .text.HAL_ADC_PollForConversion  stm32c0xx_hal_adc.o
    0x0800538e   0x0800538e   0x00000002   PAD
    0x08005390   0x08005390   0x00000060   Code   RO          295    .text.HAL_ADC_Start  stm32c0xx_hal_adc.o
    0x080053f0   0x080053f0   0x000000b8   Code   RO          299    .text.HAL_ADC_Stop  stm32c0xx_hal_adc.o
    0x080054a8   0x080054a8   0x0000005c   Code   RO          748    .text.HAL_CRCEx_Polynomial_Set  stm32c0xx_hal_crc_ex.o
    0x08005504   0x08005504   0x0000024c   Code   RO          736    .text.HAL_CRC_Calculate  stm32c0xx_hal_crc.o
    0x08005750   0x08005750   0x0000007c   Code   RO          726    .text.HAL_CRC_Init  stm32c0xx_hal_crc.o
    0x080057cc   0x080057cc   0x00000030   Code   RO           51    .text.HAL_CRC_MspInit  crc.o
    0x080057fc   0x080057fc   0x00000070   Code   RO          383    .text.HAL_DMA_Abort  stm32c0xx_hal_dma.o
    0x0800586c   0x0800586c   0x00000078   Code   RO          385    .text.HAL_DMA_Abort_IT  stm32c0xx_hal_dma.o
    0x080058e4   0x080058e4   0x000000e4   Code   RO          389    .text.HAL_DMA_IRQHandler  stm32c0xx_hal_dma.o
    0x080059c8   0x080059c8   0x00000100   Code   RO          375    .text.HAL_DMA_Init  stm32c0xx_hal_dma.o
    0x08005ac8   0x08005ac8   0x000000cc   Code   RO          381    .text.HAL_DMA_Start_IT  stm32c0xx_hal_dma.o
    0x08005b94   0x08005b94   0x00000024   Code   RO          239    .text.HAL_Delay     stm32c0xx_hal.o
    0x08005bb8   0x08005bb8   0x0000000c   Code   RO          199    .text.HAL_GPIO_EXTI_Falling_Callback  stm32c0xx_it.o
    0x08005bc4   0x08005bc4   0x00000028   Code   RO          576    .text.HAL_GPIO_EXTI_IRQHandler  stm32c0xx_hal_gpio.o
    0x08005bec   0x08005bec   0x00000002   Code   RO          578    .text.HAL_GPIO_EXTI_Rising_Callback  stm32c0xx_hal_gpio.o
    0x08005bee   0x08005bee   0x00000002   PAD
    0x08005bf0   0x08005bf0   0x00000190   Code   RO          562    .text.HAL_GPIO_Init  stm32c0xx_hal_gpio.o
    0x08005d80   0x08005d80   0x0000000a   Code   RO          566    .text.HAL_GPIO_ReadPin  stm32c0xx_hal_gpio.o
    0x08005d8a   0x08005d8a   0x00000010   Code   RO          568    .text.HAL_GPIO_WritePin  stm32c0xx_hal_gpio.o
    0x08005d9a   0x08005d9a   0x00000002   PAD
    0x08005d9c   0x08005d9c   0x0000000c   Code   RO          231    .text.HAL_GetTick   stm32c0xx_hal.o
    0x08005da8   0x08005da8   0x00000042   Code   RO          916    .text.HAL_I2CEx_ConfigAnalogFilter  stm32c0xx_hal_i2c_ex.o
    0x08005dea   0x08005dea   0x00000042   Code   RO          918    .text.HAL_I2CEx_ConfigDigitalFilter  stm32c0xx_hal_i2c_ex.o
    0x08005e2c   0x08005e2c   0x000000b4   Code   RO          762    .text.HAL_I2C_Init  stm32c0xx_hal_i2c.o
    0x08005ee0   0x08005ee0   0x0000014c   Code   RO          836    .text.HAL_I2C_IsDeviceReady  stm32c0xx_hal_i2c.o
    0x0800602c   0x0800602c   0x00000234   Code   RO          822    .text.HAL_I2C_Mem_Read  stm32c0xx_hal_i2c.o
    0x08006260   0x08006260   0x00000234   Code   RO          820    .text.HAL_I2C_Mem_Write  stm32c0xx_hal_i2c.o
    0x08006494   0x08006494   0x00000088   Code   RO           74    .text.HAL_I2C_MspInit  i2c.o
    0x0800651c   0x0800651c   0x00000014   Code   RO          229    .text.HAL_IncTick   stm32c0xx_hal.o
    0x08006530   0x08006530   0x0000001a   Code   RO          219    .text.HAL_Init      stm32c0xx_hal.o
    0x0800654a   0x0800654a   0x00000002   PAD
    0x0800654c   0x0800654c   0x00000048   Code   RO          221    .text.HAL_InitTick  stm32c0xx_hal.o
    0x08006594   0x08006594   0x00000028   Code   RO          211    .text.HAL_MspInit   stm32c0xx_hal_msp.o
    0x080065bc   0x080065bc   0x00000020   Code   RO          662    .text.HAL_NVIC_DisableIRQ  stm32c0xx_hal_cortex.o
    0x080065dc   0x080065dc   0x00000018   Code   RO          660    .text.HAL_NVIC_EnableIRQ  stm32c0xx_hal_cortex.o
    0x080065f4   0x080065f4   0x00000038   Code   RO          658    .text.HAL_NVIC_SetPriority  stm32c0xx_hal_cortex.o
    0x0800662c   0x0800662c   0x00000024   Code   RO         1623    .text.HAL_PCDEx_ActivateLPM  stm32c0xx_hal_pcd_ex.o
    0x08006650   0x08006650   0x00000244   Code   RO         1539    .text.HAL_PCD_Init  stm32c0xx_hal_pcd.o
    0x08006894   0x08006894   0x00000054   Code   RO          152    .text.HAL_PCD_MspInit  usb.o
    0x080068e8   0x080068e8   0x00000038   Code   RO          598    .text.HAL_PWR_EnterSTOPMode  stm32c0xx_hal_pwr.o
    0x08006920   0x08006920   0x00000144   Code   RO          463    .text.HAL_RCCEx_PeriphCLKConfig  stm32c0xx_hal_rcc_ex.o
    0x08006a64   0x08006a64   0x000001d8   Code   RO          429    .text.HAL_RCC_ClockConfig  stm32c0xx_hal_rcc.o
    0x08006c3c   0x08006c3c   0x00000090   Code   RO          437    .text.HAL_RCC_GetPCLK1Freq  stm32c0xx_hal_rcc.o
    0x08006ccc   0x08006ccc   0x00000070   Code   RO          431    .text.HAL_RCC_GetSysClockFreq  stm32c0xx_hal_rcc.o
    0x08006d3c   0x08006d3c   0x000002b8   Code   RO          427    .text.HAL_RCC_OscConfig  stm32c0xx_hal_rcc.o
    0x08006ff4   0x08006ff4   0x00000046   Code   RO          958    .text.HAL_RTC_GetDate  stm32c0xx_hal_rtc.o
    0x0800703a   0x0800703a   0x00000002   PAD
    0x0800703c   0x0800703c   0x00000058   Code   RO          952    .text.HAL_RTC_GetTime  stm32c0xx_hal_rtc.o
    0x08007094   0x08007094   0x000000d8   Code   RO          936    .text.HAL_RTC_Init  stm32c0xx_hal_rtc.o
    0x0800716c   0x0800716c   0x0000005c   Code   RO           89    .text.HAL_RTC_MspInit  rtc.o
    0x080071c8   0x080071c8   0x00000148   Code   RO          956    .text.HAL_RTC_SetDate  stm32c0xx_hal_rtc.o
    0x08007310   0x08007310   0x00000174   Code   RO          948    .text.HAL_RTC_SetTime  stm32c0xx_hal_rtc.o
    0x08007484   0x08007484   0x00000034   Code   RO          666    .text.HAL_SYSTICK_Config  stm32c0xx_hal_cortex.o
    0x080074b8   0x080074b8   0x00000002   Code   RO         1341    .text.HAL_TIMEx_Break2Callback  stm32c0xx_hal_tim_ex.o
    0x080074ba   0x080074ba   0x00000002   Code   RO         1339    .text.HAL_TIMEx_BreakCallback  stm32c0xx_hal_tim_ex.o
    0x080074bc   0x080074bc   0x00000002   Code   RO         1335    .text.HAL_TIMEx_CommutCallback  stm32c0xx_hal_tim_ex.o
    0x080074be   0x080074be   0x00000002   PAD
    0x080074c0   0x080074c0   0x000000bc   Code   RO         1321    .text.HAL_TIMEx_ConfigBreakDeadTime  stm32c0xx_hal_tim_ex.o
    0x0800757c   0x0800757c   0x00000060   Code   RO         1319    .text.HAL_TIMEx_MasterConfigSynchronization  stm32c0xx_hal_tim_ex.o
    0x080075dc   0x080075dc   0x000000d8   Code   RO         1024    .text.HAL_TIM_Base_Init  stm32c0xx_hal_tim.o
    0x080076b4   0x080076b4   0x000000cc   Code   RO          112    .text.HAL_TIM_Base_MspInit  tim.o
    0x08007780   0x08007780   0x00000048   Code   RO         1034    .text.HAL_TIM_Base_Start  stm32c0xx_hal_tim.o
    0x080077c8   0x080077c8   0x0000005c   Code   RO         1038    .text.HAL_TIM_Base_Start_IT  stm32c0xx_hal_tim.o
    0x08007824   0x08007824   0x00000002   Code   RO         1160    .text.HAL_TIM_IC_CaptureCallback  stm32c0xx_hal_tim.o
    0x08007826   0x08007826   0x00000002   PAD
    0x08007828   0x08007828   0x000001dc   Code   RO         1158    .text.HAL_TIM_IRQHandler  stm32c0xx_hal_tim.o
    0x08007a04   0x08007a04   0x00000002   Code   RO         1162    .text.HAL_TIM_OC_DelayElapsedCallback  stm32c0xx_hal_tim.o
    0x08007a06   0x08007a06   0x00000002   PAD
    0x08007a08   0x08007a08   0x0000035c   Code   RO         1178    .text.HAL_TIM_PWM_ConfigChannel  stm32c0xx_hal_tim.o
    0x08007d64   0x08007d64   0x000000e0   Code   RO         1078    .text.HAL_TIM_PWM_Init  stm32c0xx_hal_tim.o
    0x08007e44   0x08007e44   0x00000002   Code   RO         1080    .text.HAL_TIM_PWM_MspInit  stm32c0xx_hal_tim.o
    0x08007e46   0x08007e46   0x00000002   Code   RO         1164    .text.HAL_TIM_PWM_PulseFinishedCallback  stm32c0xx_hal_tim.o
    0x08007e48   0x08007e48   0x000000d8   Code   RO         1086    .text.HAL_TIM_PWM_Start  stm32c0xx_hal_tim.o
    0x08007f20   0x08007f20   0x00000018   Code   RO          189    .text.HAL_TIM_PeriodElapsedCallback  stm32c0xx_it.o
    0x08007f38   0x08007f38   0x0000004c   Code   RO         1208    .text.HAL_TIM_SlaveConfigSynchro  stm32c0xx_hal_tim.o
    0x08007f84   0x08007f84   0x00000002   Code   RO         1168    .text.HAL_TIM_TriggerCallback  stm32c0xx_hal_tim.o
    0x08007f86   0x08007f86   0x00000036   Code   RO         1516    .text.HAL_UARTEx_DisableFifoMode  stm32c0xx_hal_uart_ex.o
    0x08007fbc   0x08007fbc   0x00000070   Code   RO         1526    .text.HAL_UARTEx_ReceiveToIdle_DMA  stm32c0xx_hal_uart_ex.o
    0x0800802c   0x0800802c   0x00000014   Code   RO          195    .text.HAL_UARTEx_RxEventCallback  stm32c0xx_it.o
    0x08008040   0x08008040   0x00000002   Code   RO         1502    .text.HAL_UARTEx_RxFifoFullCallback  stm32c0xx_hal_uart_ex.o
    0x08008042   0x08008042   0x00000002   PAD
    0x08008044   0x08008044   0x00000080   Code   RO         1520    .text.HAL_UARTEx_SetRxFifoThreshold  stm32c0xx_hal_uart_ex.o
    0x080080c4   0x080080c4   0x00000088   Code   RO         1518    .text.HAL_UARTEx_SetTxFifoThreshold  stm32c0xx_hal_uart_ex.o
    0x0800814c   0x0800814c   0x00000002   Code   RO         1504    .text.HAL_UARTEx_TxFifoEmptyCallback  stm32c0xx_hal_uart_ex.o
    0x0800814e   0x0800814e   0x00000002   Code   RO         1500    .text.HAL_UARTEx_WakeupCallback  stm32c0xx_hal_uart_ex.o
    0x08008150   0x08008150   0x00000002   Code   RO         1437    .text.HAL_UART_AbortReceiveCpltCallback  stm32c0xx_hal_uart.o
    0x08008152   0x08008152   0x00000002   PAD
    0x08008154   0x08008154   0x000000c8   Code   RO         1433    .text.HAL_UART_AbortReceive_IT  stm32c0xx_hal_uart.o
    0x0800821c   0x0800821c   0x00000024   Code   RO          197    .text.HAL_UART_ErrorCallback  stm32c0xx_it.o
    0x08008240   0x08008240   0x00000480   Code   RO         1439    .text.HAL_UART_IRQHandler  stm32c0xx_hal_uart.o
    0x080086c0   0x080086c0   0x00000070   Code   RO         1355    .text.HAL_UART_Init  stm32c0xx_hal_uart.o
    0x08008730   0x08008730   0x0000019c   Code   RO          132    .text.HAL_UART_MspInit  usart.o
    0x080088cc   0x080088cc   0x00000066   Code   RO         1391    .text.HAL_UART_Receive_IT  stm32c0xx_hal_uart.o
    0x08008932   0x08008932   0x00000002   PAD
    0x08008934   0x08008934   0x00000014   Code   RO          193    .text.HAL_UART_RxCpltCallback  stm32c0xx_it.o
    0x08008948   0x08008948   0x00000002   Code   RO         1453    .text.HAL_UART_RxHalfCpltCallback  stm32c0xx_hal_uart.o
    0x0800894a   0x0800894a   0x00000002   PAD
    0x0800894c   0x0800894c   0x000000bc   Code   RO         1395    .text.HAL_UART_Transmit_DMA  stm32c0xx_hal_uart.o
    0x08008a08   0x08008a08   0x00000024   Code   RO          191    .text.HAL_UART_TxCpltCallback  stm32c0xx_it.o
    0x08008a2c   0x08008a2c   0x00000002   Code   RO         1449    .text.HAL_UART_TxHalfCpltCallback  stm32c0xx_hal_uart.o
    0x08008a2e   0x08008a2e   0x00000002   PAD
    0x08008a30   0x08008a30   0x00000110   Code   RO         1782    .text.Handle_Dwin_INT  cli_driver.o
    0x08008b40   0x08008b40   0x00000110   Code   RO         1784    .text.Handle_Dwin_INT32  cli_driver.o
    0x08008c50   0x08008c50   0x00000054   Code   RO         1780    .text.Handle_Dwin_PIC  cli_driver.o
    0x08008ca4   0x08008ca4   0x0000019c   Code   RO         1786    .text.Handle_Dwin_RAW  cli_driver.o
    0x08008e40   0x08008e40   0x00000054   Code   RO         1808    .text.Handle_Escape_Navigation  controller.o
    0x08008e94   0x08008e94   0x00000002   Code   RO          167    .text.HardFault_Handler  stm32c0xx_it.o
    0x08008e96   0x08008e96   0x00000002   PAD
    0x08008e98   0x08008e98   0x0000017c   Code   RO          906    .text.I2C_IsErrorOccurred  stm32c0xx_hal_i2c.o
    0x08009014   0x08009014   0x000000fa   Code   RO          772    .text.I2C_WaitOnFlagUntilTimeout  stm32c0xx_hal_i2c.o
    0x0800910e   0x0800910e   0x00000086   Code   RO          776    .text.I2C_WaitOnSTOPFlagUntilTimeout  stm32c0xx_hal_i2c.o
    0x08009194   0x08009194   0x000000a6   Code   RO          774    .text.I2C_WaitOnTXISFlagUntilTimeout  stm32c0xx_hal_i2c.o
    0x0800923a   0x0800923a   0x00000002   PAD
    0x0800923c   0x0800923c   0x00000074   Code   RO           34    .text.MX_ADC1_Init  adc.o
    0x080092b0   0x080092b0   0x0000002c   Code   RO           49    .text.MX_CRC_Init   crc.o
    0x080092dc   0x080092dc   0x00000058   Code   RO           64    .text.MX_DMA_Init   dma.o
    0x08009334   0x08009334   0x00000164   Code   RO           26    .text.MX_GPIO_Init  gpio.o
    0x08009498   0x08009498   0x00000058   Code   RO           72    .text.MX_I2C1_Init  i2c.o
    0x080094f0   0x080094f0   0x0000007c   Code   RO           87    .text.MX_RTC_Init   rtc.o
    0x0800956c   0x0800956c   0x00000034   Code   RO          104    .text.MX_TIM14_Init  tim.o
    0x080095a0   0x080095a0   0x000000e4   Code   RO          106    .text.MX_TIM16_Init  tim.o
    0x08009684   0x08009684   0x000000f4   Code   RO          110    .text.MX_TIM17_Init  tim.o
    0x08009778   0x08009778   0x00000068   Code   RO          102    .text.MX_TIM2_Init  tim.o
    0x080097e0   0x080097e0   0x00000068   Code   RO          128    .text.MX_USART1_UART_Init  usart.o
    0x08009848   0x08009848   0x00000068   Code   RO          130    .text.MX_USART2_UART_Init  usart.o
    0x080098b0   0x080098b0   0x00000034   Code   RO          150    .text.MX_USB_PCD_Init  usb.o
    0x080098e4   0x080098e4   0x00000014   Code   RO         2213    .text.Medicao_Get_UltimaMedicao  medicao_handler.o
    0x080098f8   0x080098f8   0x00000014   Code   RO         2209    .text.Medicao_Init  medicao_handler.o
    0x0800990c   0x0800990c   0x00000084   Code   RO         2211    .text.Medicao_Process  medicao_handler.o
    0x08009990   0x08009990   0x00000008   Code   RO         2217    .text.Medicao_Set_Densidade  medicao_handler.o
    0x08009998   0x08009998   0x00000008   Code   RO         2215    .text.Medicao_Set_Temp_Instru  medicao_handler.o
    0x080099a0   0x080099a0   0x0000000c   Code   RO         2219    .text.Medicao_Set_Umidade  medicao_handler.o
    0x080099ac   0x080099ac   0x00000002   Code   RO          165    .text.NMI_Handler   stm32c0xx_it.o
    0x080099ae   0x080099ae   0x0000001a   Code   RO         2073    .text.PWM_Servo_Init  pwm_servo_driver.o
    0x080099c8   0x080099c8   0x0000008c   Code   RO         2075    .text.PWM_Servo_SetAngle  pwm_servo_driver.o
    0x08009a54   0x08009a54   0x00000002   Code   RO          171    .text.PendSV_Handler  stm32c0xx_it.o
    0x08009a56   0x08009a56   0x00000002   PAD
    0x08009a58   0x08009a58   0x00000048   Code   RO         2093    .text.RTC_Driver_GetDate  rtc_driver.o
    0x08009aa0   0x08009aa0   0x00000050   Code   RO         2095    .text.RTC_Driver_GetTime  rtc_driver.o
    0x08009af0   0x08009af0   0x0000006c   Code   RO         2087    .text.RTC_Driver_Init  rtc_driver.o
    0x08009b5c   0x08009b5c   0x00000024   Code   RO         2089    .text.RTC_Driver_SetDate  rtc_driver.o
    0x08009b80   0x08009b80   0x00000030   Code   RO         2091    .text.RTC_Driver_SetTime  rtc_driver.o
    0x08009bb0   0x08009bb0   0x0000009c   Code   RO          942    .text.RTC_ExitInitMode  stm32c0xx_hal_rtc.o
    0x08009c4c   0x08009c4c   0x000001d8   Code   RO         2232    .text.RTC_Handle_Set_Date_And_Time  rtc_handler.o
    0x08009e24   0x08009e24   0x00000170   Code   RO         2230    .text.RTC_Handle_Set_Time  rtc_handler.o
    0x08009f94   0x08009f94   0x00000194   Code   RO         1826    .text.Relatorio_Printer  relato.o
    0x0800a128   0x0800a128   0x00000020   Code   RO         1841    .text.Retarget_Init  retarget.o
    0x0800a148   0x0800a148   0x00000002   Code   RO          169    .text.SVC_Handler   stm32c0xx_it.o
    0x0800a14a   0x0800a14a   0x00000002   PAD
    0x0800a14c   0x0800a14c   0x00000018   Code   RO         1944    .text.Servos_Init   servo_controle.o
    0x0800a164   0x0800a164   0x00000074   Code   RO         1946    .text.Servos_Process  servo_controle.o
    0x0800a1d8   0x0800a1d8   0x0000002c   Code   RO         1942    .text.Servos_Tick_ms  servo_controle.o
    0x0800a204   0x0800a204   0x00000008   Code   RO          173    .text.SysTick_Handler  stm32c0xx_it.o
    0x0800a20c   0x0800a20c   0x0000007c   Code   RO           13    .text.SystemClock_Config  main.o
    0x0800a288   0x0800a288   0x00000010   Code   RO         1709    .text.SystemInit    system_stm32c0xx.o
    0x0800a298   0x0800a298   0x00000010   Code   RO          183    .text.TIM14_IRQHandler  stm32c0xx_it.o
    0x0800a2a8   0x0800a2a8   0x000000c8   Code   RO         1210    .text.TIM_SlaveTimer_SetConfig  stm32c0xx_hal_tim.o
    0x0800a370   0x0800a370   0x000000c8   Code   RO         2106    .text.TempSensor_GetTemperature  temp_sensor.o
    0x0800a438   0x0800a438   0x0000007c   Code   RO         1734    .text.Test_DisplayInfo  app_manager.o
    0x0800a4b4   0x0800a4b4   0x000000d2   Code   RO         1359    .text.UART_AdvFeatureConfig  stm32c0xx_hal_uart.o
    0x0800a586   0x0800a586   0x00000002   PAD
    0x0800a588   0x0800a588   0x000000d0   Code   RO         1363    .text.UART_CheckIdleState  stm32c0xx_hal_uart.o
    0x0800a658   0x0800a658   0x00000010   Code   RO         1441    .text.UART_DMAAbortOnError  stm32c0xx_hal_uart.o
    0x0800a668   0x0800a668   0x000000d8   Code   RO         1401    .text.UART_DMAError  stm32c0xx_hal_uart.o
    0x0800a740   0x0800a740   0x000000b6   Code   RO         1485    .text.UART_DMAReceiveCplt  stm32c0xx_hal_uart.o
    0x0800a7f6   0x0800a7f6   0x00000038   Code   RO         1487    .text.UART_DMARxHalfCplt  stm32c0xx_hal_uart.o
    0x0800a82e   0x0800a82e   0x00000026   Code   RO         1435    .text.UART_DMARxOnlyAbortCallback  stm32c0xx_hal_uart.o
    0x0800a854   0x0800a854   0x0000004a   Code   RO         1397    .text.UART_DMATransmitCplt  stm32c0xx_hal_uart.o
    0x0800a89e   0x0800a89e   0x0000000a   Code   RO         1399    .text.UART_DMATxHalfCplt  stm32c0xx_hal_uart.o
    0x0800a8a8   0x0800a8a8   0x000000d0   Code   RO         1481    .text.UART_RxISR_16BIT  stm32c0xx_hal_uart.o
    0x0800a978   0x0800a978   0x00000294   Code   RO         1477    .text.UART_RxISR_16BIT_FIFOEN  stm32c0xx_hal_uart.o
    0x0800ac0c   0x0800ac0c   0x000000d2   Code   RO         1483    .text.UART_RxISR_8BIT  stm32c0xx_hal_uart.o
    0x0800acde   0x0800acde   0x00000002   PAD
    0x0800ace0   0x0800ace0   0x000001d4   Code   RO         1479    .text.UART_RxISR_8BIT_FIFOEN  stm32c0xx_hal_uart.o
    0x0800aeb4   0x0800aeb4   0x00000184   Code   RO         1361    .text.UART_SetConfig  stm32c0xx_hal_uart.o
    0x0800b038   0x0800b038   0x000000ac   Code   RO         1405    .text.UART_Start_Receive_DMA  stm32c0xx_hal_uart.o
    0x0800b0e4   0x0800b0e4   0x0000013c   Code   RO         1393    .text.UART_Start_Receive_IT  stm32c0xx_hal_uart.o
    0x0800b220   0x0800b220   0x000001c4   Code   RO         1377    .text.UART_WaitOnFlagUntilTimeout  stm32c0xx_hal_uart.o
    0x0800b3e4   0x0800b3e4   0x0000000c   Code   RO          185    .text.USART1_IRQHandler  stm32c0xx_it.o
    0x0800b3f0   0x0800b3f0   0x0000000c   Code   RO          187    .text.USART2_IRQHandler  stm32c0xx_it.o
    0x0800b3fc   0x0800b3fc   0x0000001a   Code   RO         1645    .text.USB_DevInit   stm32c0xx_ll_usb.o
    0x0800b416   0x0800b416   0x00000002   PAD
    0x0800b418   0x0800b418   0x00000010   Code   RO         1641    .text.USB_DisableGlobalInt  stm32c0xx_ll_usb.o
    0x0800b428   0x0800b428   0x0000010c   Code   RO         1820    .text.Who_am_i      relato.o
    0x0800b534   0x0800b534   0x000000b4   Code   RO         2182    .text.atualizar_display_grao_selecionado  graos_handler.o
    0x0800b5e8   0x0800b5e8   0x00000024   Code   RO         1843    .text.fputc         retarget.o
    0x0800b60c   0x0800b60c   0x000000d8   Code   RO           11    .text.main          main.o
    0x0800b6e4   0x0800b6e4   0x00000020   Code   RO         2547    i.__0printf         mc_p.l(printfa.o)
    0x0800b704   0x0800b704   0x00000038   Code   RO         2548    i.__0snprintf       mc_p.l(printfa.o)
    0x0800b73c   0x0800b73c   0x00000028   Code   RO         2549    i.__0sprintf        mc_p.l(printfa.o)
    0x0800b764   0x0800b764   0x0000002e   Code   RO         2669    i.__ARM_clz         mf_p.l(depilogue.o)
    0x0800b792   0x0800b792   0x00000002   PAD
    0x0800b794   0x0800b794   0x00000008   Code   RO         2647    i.__aeabi_errno_addr  mc_p.l(errno.o)
    0x0800b79c   0x0800b79c   0x0000000e   Code   RO         2692    i.__scatterload_copy  mc_p.l(handlers.o)
    0x0800b7aa   0x0800b7aa   0x00000002   Code   RO         2693    i.__scatterload_null  mc_p.l(handlers.o)
    0x0800b7ac   0x0800b7ac   0x0000000e   Code   RO         2694    i.__scatterload_zeroinit  mc_p.l(handlers.o)
    0x0800b7ba   0x0800b7ba   0x00000002   PAD
    0x0800b7bc   0x0800b7bc   0x00000174   Code   RO         2554    i._fp_digits        mc_p.l(printfa.o)
    0x0800b930   0x0800b930   0x000006ec   Code   RO         2555    i._printf_core      mc_p.l(printfa.o)
    0x0800c01c   0x0800c01c   0x00000020   Code   RO         2556    i._printf_post_padding  mc_p.l(printfa.o)
    0x0800c03c   0x0800c03c   0x0000002c   Code   RO         2557    i._printf_pre_padding  mc_p.l(printfa.o)
    0x0800c068   0x0800c068   0x00000016   Code   RO         2558    i._snputc           mc_p.l(printfa.o)
    0x0800c07e   0x0800c07e   0x0000000a   Code   RO         2559    i._sputc            mc_p.l(printfa.o)
    0x0800c088   0x0800c088   0x00000020   Code   RO         2249    i.puts              mc_p.l(puts.o)
    0x0800c0a8   0x0800c0a8   0x00000081   Data   RO         2265    .constdata          mc_p.l(ctype_o.o)
    0x0800c129   0x0800c129   0x00000003   PAD
    0x0800c12c   0x0800c12c   0x00000004   Data   RO         2266    .constdata          mc_p.l(ctype_o.o)
    0x0800c130   0x0800c130   0x00000040   Data   RO         1714    .rodata.AHBPrescTable  system_stm32c0xx.o
    0x0800c170   0x0800c170   0x00000020   Data   RO         1715    .rodata.APBPrescTable  system_stm32c0xx.o
    0x0800c190   0x0800c190   0x00000025   Data   RO         1829    .rodata.Dupla       relato.o
    0x0800c1b5   0x0800c1b5   0x0000002a   Data   RO         1828    .rodata.Ejeta       relato.o
    0x0800c1df   0x0800c1df   0x00000023   Data   RO         1830    .rodata.Linha       relato.o
    0x0800c202   0x0800c202   0x00000002   PAD
    0x0800c204   0x0800c204   0x000021c0   Data   RO         1920    .rodata.Produto     gxxx_equacoes.o
    0x0800e3c4   0x0800e3c4   0x00000018   Data   RO         1489    .rodata.UARTPrescTable  stm32c0xx_hal_uart.o
    0x0800e3dc   0x0800e3dc   0x00000010   Data   RO         1530    .rodata.cst8        stm32c0xx_hal_uart_ex.o
    0x0800e3ec   0x0800e3ec   0x00000050   Data   RO         1790    .rodata.s_command_table  cli_driver.o
    0x0800e43c   0x0800e43c   0x00000020   Data   RO         1792    .rodata.s_dwin_subcommand_table  cli_driver.o
    0x0800e45c   0x0800e45c   0x00000050   Data   RO         1956    .rodata.s_fluxo_processo  servo_controle.o
    0x0800e4ac   0x0800e4ac   0x000001df   Data   RO         1736    .rodata.str1.1      app_manager.o
    0x0800e68b   0x0800e68b   0x0000056f   Data   RO         1791    .rodata.str1.1      cli_driver.o
    0x0800ebfa   0x0800ebfa   0x000000d5   Data   RO         1832    .rodata.str1.1      relato.o
    0x0800eccf   0x0800eccf   0x000003a0   Data   RO         1907    .rodata.str1.1      gerenciador_configuracoes.o
    0x0800f06f   0x0800f06f   0x0000308f   Data   RO         1919    .rodata.str1.1      gxxx_equacoes.o
    0x080120fe   0x080120fe   0x00000021   Data   RO         1985    .rodata.str1.1      ads1232_driver.o
    0x0801211f   0x0801211f   0x00000030   Data   RO         2051    .rodata.str1.1      eeprom_driver.o
    0x0801214f   0x0801214f   0x00000023   Data   RO         2119    .rodata.str1.1      autenticacao_handler.o
    0x08012172   0x08012172   0x0000000f   Data   RO         2160    .rodata.str1.1      display_handler.o
    0x08012181   0x08012181   0x000000cd   Data   RO         2198    .rodata.str1.1      graos_handler.o
    0x0801224e   0x0801224e   0x000001ad   Data   RO         2234    .rodata.str1.1      rtc_handler.o
    0x080123fb   0x080123fb   0x00000001   PAD
    0x080123fc   0x080123fc   0x0000001b   Data   RO         1908    .rodata.str1.4      gerenciador_configuracoes.o
    0x08012417   0x08012417   0x00000001   PAD
    0x08012418   0x08012418   0x00000020   Data   RO         2691    Region$$Table       anon$$obj.o


    Execution Region RW_IRAM1 (Exec base: 0x20000000, Load base: 0x08012438, Size: 0x00004080, Max: 0x00006000, ABSOLUTE)

    Exec Addr    Load Addr    Size         Type   Attr      Idx    E Section Name        Object

    0x20000000   0x08012438   0x00000004   Data   RW         2255    .data               mc_p.l(stdout.o)
    0x20000004   0x0801243c   0x00000004   Data   RW         2650    .data               mc_p.l(errno.o)
    0x20000008   0x08012440   0x00000008   Data   RW          274    .data..L_MergedGlobals  stm32c0xx_hal.o
    0x20000010   0x08012448   0x0000001c   Data   RW         1957    .data..L_MergedGlobals  servo_controle.o
    0x2000002c   0x08012464   0x00000002   Data   RW         2199    .data..L_MergedGlobals  graos_handler.o
    0x2000002e   0x08012466   0x00000002   PAD
    0x20000030   0x08012468   0x00000004   Data   RW         1713    .data.SystemCoreClock  system_stm32c0xx.o
    0x20000034   0x0801246c   0x00000020   Data   RW         1984    .data.cal_points    ads1232_driver.o
    0x20000054   0x0801248c   0x00000002   Data   RW         1810    .data.s_current_screen_id  controller.o
    0x20000056   0x0801248e   0x00000001   Data   RW         2159    .data.s_printing_enabled  display_handler.o
    0x20000057   0x0801248f   0x00000001   PAD
    0x20000058        -       0x0000000c   Zero   RW         1737    .bss..L_MergedGlobals  app_manager.o
    0x20000064        -       0x00000050   Zero   RW         1793    .bss..L_MergedGlobals  cli_driver.o
    0x200000b4        -       0x0000000c   Zero   RW         1847    .bss..L_MergedGlobals  retarget.o
    0x200000c0        -       0x0000000c   Zero   RW         1910    .bss..L_MergedGlobals  gerenciador_configuracoes.o
    0x200000cc        -       0x00000008   Zero   RW         1986    .bss..L_MergedGlobals  ads1232_driver.o
    0x200000d4        -       0x0000005c   Zero   RW         2021    .bss..L_MergedGlobals  dwin_driver.o
    0x20000130        -       0x0000000c   Zero   RW         2120    .bss..L_MergedGlobals  autenticacao_handler.o
    0x2000013c        -       0x00000010   Zero   RW         2161    .bss..L_MergedGlobals  display_handler.o
    0x2000014c        -       0x0000001c   Zero   RW         2221    .bss..L_MergedGlobals  medicao_handler.o
    0x20000168        -       0x0000000c   Zero   RW         1958    .bss..L_MergedGlobals.1  servo_controle.o
    0x20000174        -       0x00000021   Zero   RW         2200    .bss..L_MergedGlobals.12  graos_handler.o
    0x20000195   0x0801248f   0x00000003   PAD
    0x20000198        -       0x000016b4   Zero   RW         1831    .bss.config_snapshot  relato.o
    0x2000184c        -       0x00000001   Zero   RW         1983    .bss.g_ads_data_ready  ads1232_driver.o
    0x2000184d   0x0801248f   0x00000003   PAD
    0x20001850        -       0x00000064   Zero   RW           40    .bss.hadc1          adc.o
    0x200018b4        -       0x00000024   Zero   RW           55    .bss.hcrc           crc.o
    0x200018d8        -       0x0000005c   Zero   RW          139    .bss.hdma_usart1_rx  usart.o
    0x20001934        -       0x0000005c   Zero   RW          138    .bss.hdma_usart1_tx  usart.o
    0x20001990        -       0x0000005c   Zero   RW          140    .bss.hdma_usart2_rx  usart.o
    0x200019ec        -       0x0000005c   Zero   RW          141    .bss.hdma_usart2_tx  usart.o
    0x20001a48        -       0x00000054   Zero   RW           78    .bss.hi2c1          i2c.o
    0x20001a9c        -       0x000002e0   Zero   RW          156    .bss.hpcd_USB_DRD_FS  usb.o
    0x20001d7c        -       0x00000028   Zero   RW           93    .bss.hrtc           rtc.o
    0x20001da4        -       0x0000004c   Zero   RW          117    .bss.htim14         tim.o
    0x20001df0        -       0x0000004c   Zero   RW          118    .bss.htim16         tim.o
    0x20001e3c        -       0x0000004c   Zero   RW          119    .bss.htim17         tim.o
    0x20001e88        -       0x0000004c   Zero   RW          116    .bss.htim2          tim.o
    0x20001ed4        -       0x00000094   Zero   RW          136    .bss.huart1         usart.o
    0x20001f68        -       0x00000094   Zero   RW          137    .bss.huart2         usart.o
    0x20001ffc        -       0x00000002   Zero   RW         1811    .bss.received_value  controller.o
    0x20001ffe   0x0801248f   0x00000002   PAD
    0x20002000        -       0x00000080   Zero   RW         1788    .bss.s_cli_rx_buffer  cli_driver.o
    0x20002080        -       0x00000400   Zero   RW         1789    .bss.s_cli_tx_fifo  cli_driver.o
    0x20002480        -       0x000016b4   Zero   RW         1906    .bss.s_config_cache  gerenciador_configuracoes.o
    0x20003b34        -       0x00000004   Zero   RW         2097    .bss.s_hrtc         rtc_driver.o
    0x20003b38        -       0x00000004   Zero   RW         2050    .bss.s_i2c_handle   eeprom_driver.o
    0x20003b3c        -       0x00000040   Zero   RW         2020    .bss.s_tx_dma_buffer  dwin_driver.o
    0x20003b7c        -       0x00000100   Zero   RW         2019    .bss.s_tx_fifo      dwin_driver.o
    0x20003c7c        -       0x00000004   Zero   RW          273    .bss.uwTick         stm32c0xx_hal.o
    0x20003c80        -       0x00000400   Zero   RW            1    STACK               startup_stm32c071xx.o


==============================================================================

Image component sizes


      Code (inc. data)   RO Data    RW Data    ZI Data      Debug   Object Name

       200         20          0          0        100       5448   adc.o
      1978        172         33         32          9       9353   ads1232_driver.o
      1520        528        479          0         12       8493   app_manager.o
       544        224         35          0         12       4156   autenticacao_handler.o
      3358        996       1503          0       1232      18043   cli_driver.o
       748        164          0          2          2       6407   controller.o
        92         16          0          0         36       2786   crc.o
      1960        568         15          1         16      10118   display_handler.o
        88          4          0          0          0       1982   dma.o
      1900         48          0          0        412      13719   dwin_driver.o
       188          0          0          0          0       1336   dwin_parser.o
       324         60         48          0          4       7028   eeprom_driver.o
      1888        426        955          0       5824      10980   gerenciador_configuracoes.o
       356         16          0          0          0       2803   gpio.o
      1844        262        205          2         33       9259   graos_handler.o
         0          0      21071          0          0      10355   gxxx_equacoes.o
       224         24          0          0         84       5878   i2c.o
       344         28          0          0          0       5259   main.o
       200         16          0          0         28       2372   medicao_handler.o
        36          4          0          0          0       1784   pcb_frequency.o
       166         24          0          0          0       5407   pwm_servo_driver.o
       888        464        327          0       5812       3316   relato.o
        68         12          0          0         12       5033   retarget.o
       216         20          0          0         40       4218   rtc.o
       344         40          0          0          4       4201   rtc_driver.o
       840        256        429          0          0       4529   rtc_handler.o
       214         24         80         28         12       6428   servo_controle.o
        28          8        192          0       1024        636   startup_stm32c071xx.o
       166         20          0          8          4       6734   stm32c0xx_hal.o
      2012         80          0          0          0      23404   stm32c0xx_hal_adc.o
       164         28          0          0          0       6941   stm32c0xx_hal_cortex.o
       712          8          0          0          0       7874   stm32c0xx_hal_crc.o
        92         16          0          0          0       2733   stm32c0xx_hal_crc_ex.o
       920         28          0          0          0       9355   stm32c0xx_hal_dma.o
       468         20          0          0          0       5169   stm32c0xx_hal_gpio.o
      2570         56          0          0          0      69293   stm32c0xx_hal_i2c.o
       132          0          0          0          0       6039   stm32c0xx_hal_i2c_ex.o
        40          0          0          0          0       1352   stm32c0xx_hal_msp.o
       580          0          0          0          0      17579   stm32c0xx_hal_pcd.o
        36          0          0          0          0       5715   stm32c0xx_hal_pcd_ex.o
        56          8          0          0          0       3559   stm32c0xx_hal_pwr.o
      1424         64          0          0          0       8579   stm32c0xx_hal_rcc.o
       324          8          0          0          0       7711   stm32c0xx_hal_rcc_ex.o
      1230         24          0          0          0      14806   stm32c0xx_hal_rtc.o
      2442        102          0          0          0      71100   stm32c0xx_hal_tim.o
       290         32          0          0          0      27475   stm32c0xx_hal_tim_ex.o
      5644        160         24          0          0      50343   stm32c0xx_hal_uart.o
       436          8         16          0          0      12232   stm32c0xx_hal_uart_ex.o
       276         40          0          0          0       7984   stm32c0xx_it.o
        42          4          0          0          0      37027   stm32c0xx_ll_usb.o
        16          4         96          4          0       2124   system_stm32c0xx.o
       200         32          0          0          0       1778   temp_sensor.o
       832         68          0          0        304      10396   tim.o
       620         40          0          0        664       7248   usart.o
       136         16          0          0        736       4607   usb.o

    ----------------------------------------------------------------------
     42464       5290      25544         80      16424     600484   Object Totals
         0          0         32          0          0          0   (incl. Generated)
        48          0          4          3          8          0   (incl. Padding)

    ----------------------------------------------------------------------

      Code (inc. data)   RO Data    RW Data    ZI Data      Debug   Library Member Name

        60         10          0          0          0         84   __0sscanf.o
        30          0          0          0          0         60   _chval.o
       824         12          0          0          0         84   _scanf.o
       330          0          0          0          0         84   _scanf_int.o
        68          0          0          0          0         76   _sgetc.o
       166          0          0          0          0         84   _strtoul.o
        26          0          0          0          0         72   atoi.o
        26          0          0          0          0         72   atol.o
         8          4        133          0          0         60   ctype_o.o
         0          0          0          0          0          0   entry.o
         0          0          0          0          0          0   entry10a.o
         0          0          0          0          0          0   entry11a.o
         8          4          0          0          0          0   entry2.o
         4          0          0          0          0          0   entry5.o
         0          0          0          0          0          0   entry7b.o
         0          0          0          0          0          0   entry8b.o
         8          4          0          0          0          0   entry9a.o
         8          4          0          4          0         60   errno.o
        30          0          0          0          0          0   handlers.o
        48         10          0          0          0         68   init.o
        18          0          0          0          0         68   isspace_o.o
         0          0          0          0          0          0   iusefp.o
        32          0          0          0          0         68   llshl.o
        38          0          0          0          0         68   llsshr.o
        34          0          0          0          0         68   llushr.o
        36          0          0          0          0         60   memcpya.o
        36          0          0          0          0        100   memseta.o
      2380        108          0          0          0        708   printfa.o
        32          4          0          0          0         68   puts.o
        44          8          0          0          0         84   scanf_char.o
         0          0          0          4          0          0   stdout.o
        38          0          0          0          0         76   strcasecmp.o
        20          0          0          0          0         60   strchr.o
        28          0          0          0          0         68   strcmp.o
        18          0          0          0          0         60   strcpy.o
        14          0          0          0          0         60   strlen.o
        26          0          0          0          0         68   strncpy.o
       112          4          0          0          0         76   strtol.o
        12          0          0          0          0         60   tolower.o
        12          0          0          0          0         60   toupper.o
        62          0          0          0          0         72   uidiv_div0.o
        96          0          0          0          0         84   uldiv.o
        40          2          0          0          0         68   cdrcmple.o
       356          4          0          0          0        140   dadd.o
       240          6          0          0          0         84   ddiv.o
       236          0          0          0          0        216   depilogue.o
        64         10          0          0          0         68   dfixul.o
        40          6          0          0          0         68   dflti.o
       208          6          0          0          0         88   dmul.o
        40          0          0          0          0         60   f2d.o
       178          0          0          0          0        108   fadd.o
        28          0          0          0          0         60   fcmpgt.o
        28          0          0          0          0         60   fcmplt.o
       124          0          0          0          0         72   fdiv.o
       130          0          0          0          0        144   fepilogue.o
        50          0          0          0          0         60   ffixi.o
        22          0          0          0          0         68   fflti.o
        14          0          0          0          0         68   ffltui.o
       122          0          0          0          0         72   fmul.o

    ----------------------------------------------------------------------
      6664        206        136          8          0       4344   Library Totals
        12          0          3          0          0          0   (incl. Padding)

    ----------------------------------------------------------------------

      Code (inc. data)   RO Data    RW Data    ZI Data      Debug   Library Name

      4732        172        133          8          0       2840   mc_p.l
      1920         34          0          0          0       1504   mf_p.l

    ----------------------------------------------------------------------
      6664        206        136          8          0       4344   Library Totals

    ----------------------------------------------------------------------

==============================================================================


      Code (inc. data)   RO Data    RW Data    ZI Data      Debug   

     49128       5496      25680         88      16424     601600   Grand Totals
     49128       5496      25680         88      16424     601600   ELF Image Totals
     49128       5496      25680         88          0          0   ROM Totals

==============================================================================

    Total RO  Size (Code + RO Data)                74808 (  73.05kB)
    Total RW  Size (RW Data + ZI Data)             16512 (  16.12kB)
    Total ROM Size (Code + RO Data + RW Data)      74896 (  73.14kB)

==============================================================================

